144.217.207.28 - - [07/Jun/2023:15:21:38 -0400] "GET /jeffjs/filter.js HTTP/2.0" 304 - "https://sb236.cryptoland.host/" "Mozilla/5.0 (Windows NT 10.0; Win64; x64) AppleWebKit/537.36 (KHTML, like Gecko) Chrome/113.0.0.0 Safari/537.36"
144.217.207.28 - - [07/Jun/2023:15:21:39 -0400] "POST /jeffajax.php HTTP/2.0" 200 4117 "https://sb236.cryptoland.host/" "Mozilla/5.0 (Windows NT 10.0; Win64; x64) AppleWebKit/537.36 (KHTML, like Gecko) Chrome/113.0.0.0 Safari/537.36"
144.217.207.28 - - [07/Jun/2023:15:26:34 -0400] "GET / HTTP/2.0" 200 78805 "https://sb236.cryptoland.host/" "Mozilla/5.0 (Windows NT 10.0; Win64; x64) AppleWebKit/537.36 (KHTML, like Gecko) Chrome/113.0.0.0 Safari/537.36"
144.217.207.28 - - [07/Jun/2023:15:26:38 -0400] "POST /jeffajax.php HTTP/2.0" 200 4117 "https://sb236.cryptoland.host/" "Mozilla/5.0 (Windows NT 10.0; Win64; x64) AppleWebKit/537.36 (KHTML, like Gecko) Chrome/113.0.0.0 Safari/537.36"
144.217.207.28 - - [07/Jun/2023:15:32:34 -0400] "GET / HTTP/2.0" 200 78805 "https://sb236.cryptoland.host/" "Mozilla/5.0 (Windows NT 10.0; Win64; x64) AppleWebKit/537.36 (KHTML, like Gecko) Chrome/113.0.0.0 Safari/537.36"
144.217.207.28 - - [07/Jun/2023:15:32:37 -0400] "POST /jeffajax.php HTTP/2.0" 200 4117 "https://sb236.cryptoland.host/" "Mozilla/5.0 (Windows NT 10.0; Win64; x64) AppleWebKit/537.36 (KHTML, like Gecko) Chrome/113.0.0.0 Safari/537.36"
144.217.207.28 - - [07/Jun/2023:15:37:34 -0400] "GET / HTTP/2.0" 200 78805 "https://sb236.cryptoland.host/" "Mozilla/5.0 (Windows NT 10.0; Win64; x64) AppleWebKit/537.36 (KHTML, like Gecko) Chrome/113.0.0.0 Safari/537.36"
144.217.207.28 - - [07/Jun/2023:15:37:38 -0400] "POST /jeffajax.php HTTP/2.0" 200 4117 "https://sb236.cryptoland.host/" "Mozilla/5.0 (Windows NT 10.0; Win64; x64) AppleWebKit/537.36 (KHTML, like Gecko) Chrome/113.0.0.0 Safari/537.36"
130.211.54.158 - - [07/Jun/2023:15:41:41 -0400] "GET / HTTP/1.1" 200 40060 "-" "python-requests/2.28.2"
144.217.207.28 - - [07/Jun/2023:15:42:34 -0400] "GET / HTTP/2.0" 200 78805 "https://sb236.cryptoland.host/" "Mozilla/5.0 (Windows NT 10.0; Win64; x64) AppleWebKit/537.36 (KHTML, like Gecko) Chrome/113.0.0.0 Safari/537.36"
144.217.207.28 - - [07/Jun/2023:15:42:38 -0400] "POST /jeffajax.php HTTP/2.0" 200 4117 "https://sb236.cryptoland.host/" "Mozilla/5.0 (Windows NT 10.0; Win64; x64) AppleWebKit/537.36 (KHTML, like Gecko) Chrome/113.0.0.0 Safari/537.36"
83.97.73.89 - - [07/Jun/2023:15:45:52 -0400] "GET / HTTP/1.1" 200 65450 "-" "Mozilla/5.0 (Windows NT 10.0; Win64; x64) AppleWebKit/537.36 (KHTML, like Gecko) Chrome/78.0.3904.108 Safari/537.36"
144.217.207.28 - - [07/Jun/2023:15:46:34 -0400] "GET / HTTP/2.0" 200 78805 "https://sb236.cryptoland.host/" "Mozilla/5.0 (Windows NT 10.0; Win64; x64) AppleWebKit/537.36 (KHTML, like Gecko) Chrome/113.0.0.0 Safari/537.36"
144.217.207.28 - - [07/Jun/2023:15:46:39 -0400] "POST /jeffajax.php HTTP/2.0" 200 4117 "https://sb236.cryptoland.host/" "Mozilla/5.0 (Windows NT 10.0; Win64; x64) AppleWebKit/537.36 (KHTML, like Gecko) Chrome/113.0.0.0 Safari/537.36"
144.217.207.28 - - [07/Jun/2023:15:51:34 -0400] "GET / HTTP/2.0" 200 78805 "https://sb236.cryptoland.host/" "Mozilla/5.0 (Windows NT 10.0; Win64; x64) AppleWebKit/537.36 (KHTML, like Gecko) Chrome/113.0.0.0 Safari/537.36"
144.217.207.28 - - [07/Jun/2023:15:51:38 -0400] "POST /jeffajax.php HTTP/2.0" 200 4117 "https://sb236.cryptoland.host/" "Mozilla/5.0 (Windows NT 10.0; Win64; x64) AppleWebKit/537.36 (KHTML, like Gecko) Chrome/113.0.0.0 Safari/537.36"
144.217.207.28 - - [07/Jun/2023:15:56:34 -0400] "GET / HTTP/2.0" 200 78805 "https://sb236.cryptoland.host/" "Mozilla/5.0 (Windows NT 10.0; Win64; x64) AppleWebKit/537.36 (KHTML, like Gecko) Chrome/113.0.0.0 Safari/537.36"
144.217.207.28 - - [07/Jun/2023:15:56:37 -0400] "POST /jeffajax.php HTTP/2.0" 200 4117 "https://sb236.cryptoland.host/" "Mozilla/5.0 (Windows NT 10.0; Win64; x64) AppleWebKit/537.36 (KHTML, like Gecko) Chrome/113.0.0.0 Safari/537.36"
144.217.207.28 - - [07/Jun/2023:16:01:34 -0400] "GET / HTTP/2.0" 200 78805 "https://sb236.cryptoland.host/" "Mozilla/5.0 (Windows NT 10.0; Win64; x64) AppleWebKit/537.36 (KHTML, like Gecko) Chrome/113.0.0.0 Safari/537.36"
144.217.207.28 - - [07/Jun/2023:16:01:37 -0400] "POST /jeffajax.php HTTP/2.0" 200 4117 "https://sb236.cryptoland.host/" "Mozilla/5.0 (Windows NT 10.0; Win64; x64) AppleWebKit/537.36 (KHTML, like Gecko) Chrome/113.0.0.0 Safari/537.36"
144.217.207.28 - - [07/Jun/2023:16:06:34 -0400] "GET / HTTP/2.0" 200 78805 "https://sb236.cryptoland.host/" "Mozilla/5.0 (Windows NT 10.0; Win64; x64) AppleWebKit/537.36 (KHTML, like Gecko) Chrome/113.0.0.0 Safari/537.36"
144.217.207.28 - - [07/Jun/2023:16:06:38 -0400] "POST /jeffajax.php HTTP/2.0" 200 4117 "https://sb236.cryptoland.host/" "Mozilla/5.0 (Windows NT 10.0; Win64; x64) AppleWebKit/537.36 (KHTML, like Gecko) Chrome/113.0.0.0 Safari/537.36"
144.217.207.28 - - [07/Jun/2023:16:11:34 -0400] "GET / HTTP/2.0" 200 78805 "https://sb236.cryptoland.host/" "Mozilla/5.0 (Windows NT 10.0; Win64; x64) AppleWebKit/537.36 (KHTML, like Gecko) Chrome/113.0.0.0 Safari/537.36"
144.217.207.28 - - [07/Jun/2023:16:11:37 -0400] "POST /jeffajax.php HTTP/2.0" 200 4117 "https://sb236.cryptoland.host/" "Mozilla/5.0 (Windows NT 10.0; Win64; x64) AppleWebKit/537.36 (KHTML, like Gecko) Chrome/113.0.0.0 Safari/537.36"
144.217.207.28 - - [07/Jun/2023:16:16:34 -0400] "GET / HTTP/2.0" 200 78805 "https://sb236.cryptoland.host/" "Mozilla/5.0 (Windows NT 10.0; Win64; x64) AppleWebKit/537.36 (KHTML, like Gecko) Chrome/113.0.0.0 Safari/537.36"
144.217.207.28 - - [07/Jun/2023:16:16:38 -0400] "POST /jeffajax.php HTTP/2.0" 200 4117 "https://sb236.cryptoland.host/" "Mozilla/5.0 (Windows NT 10.0; Win64; x64) AppleWebKit/537.36 (KHTML, like Gecko) Chrome/113.0.0.0 Safari/537.36"
144.217.207.28 - - [07/Jun/2023:16:21:34 -0400] "GET / HTTP/2.0" 200 78805 "https://sb236.cryptoland.host/" "Mozilla/5.0 (Windows NT 10.0; Win64; x64) AppleWebKit/537.36 (KHTML, like Gecko) Chrome/113.0.0.0 Safari/537.36"
144.217.207.28 - - [07/Jun/2023:16:21:38 -0400] "POST /jeffajax.php HTTP/2.0" 200 4117 "https://sb236.cryptoland.host/" "Mozilla/5.0 (Windows NT 10.0; Win64; x64) AppleWebKit/537.36 (KHTML, like Gecko) Chrome/113.0.0.0 Safari/537.36"
198.235.24.119 - - [07/Jun/2023:16:22:02 -0400] "GET / HTTP/1.0" 301 238 "-" "Expanse, a Palo Alto Networks company, searches across the global IPv4 space multiple times per day to identify customers&#39; presences on the Internet. If you would like to be excluded from our scans, please send IP addresses/domains to: scaninfo@paloaltonetworks.com"
144.217.207.28 - - [07/Jun/2023:16:26:34 -0400] "GET / HTTP/2.0" 200 78805 "https://sb236.cryptoland.host/" "Mozilla/5.0 (Windows NT 10.0; Win64; x64) AppleWebKit/537.36 (KHTML, like Gecko) Chrome/113.0.0.0 Safari/537.36"
144.217.207.28 - - [07/Jun/2023:16:26:37 -0400] "GET /env.js HTTP/2.0" 304 - "https://sb236.cryptoland.host/" "Mozilla/5.0 (Windows NT 10.0; Win64; x64) AppleWebKit/537.36 (KHTML, like Gecko) Chrome/113.0.0.0 Safari/537.36"
144.217.207.28 - - [07/Jun/2023:16:26:37 -0400] "POST /jeffajax.php HTTP/2.0" 200 4117 "https://sb236.cryptoland.host/" "Mozilla/5.0 (Windows NT 10.0; Win64; x64) AppleWebKit/537.36 (KHTML, like Gecko) Chrome/113.0.0.0 Safari/537.36"
144.217.207.28 - - [07/Jun/2023:16:31:34 -0400] "GET / HTTP/2.0" 200 78805 "https://sb236.cryptoland.host/" "Mozilla/5.0 (Windows NT 10.0; Win64; x64) AppleWebKit/537.36 (KHTML, like Gecko) Chrome/113.0.0.0 Safari/537.36"
144.217.207.28 - - [07/Jun/2023:16:31:37 -0400] "POST /jeffajax.php HTTP/2.0" 200 4117 "https://sb236.cryptoland.host/" "Mozilla/5.0 (Windows NT 10.0; Win64; x64) AppleWebKit/537.36 (KHTML, like Gecko) Chrome/113.0.0.0 Safari/537.36"
144.217.207.28 - - [07/Jun/2023:16:36:34 -0400] "GET / HTTP/2.0" 200 78805 "https://sb236.cryptoland.host/" "Mozilla/5.0 (Windows NT 10.0; Win64; x64) AppleWebKit/537.36 (KHTML, like Gecko) Chrome/113.0.0.0 Safari/537.36"
144.217.207.28 - - [07/Jun/2023:16:36:38 -0400] "POST /jeffajax.php HTTP/2.0" 200 4117 "https://sb236.cryptoland.host/" "Mozilla/5.0 (Windows NT 10.0; Win64; x64) AppleWebKit/537.36 (KHTML, like Gecko) Chrome/113.0.0.0 Safari/537.36"
144.217.207.28 - - [07/Jun/2023:16:41:34 -0400] "GET / HTTP/2.0" 200 78805 "https://sb236.cryptoland.host/" "Mozilla/5.0 (Windows NT 10.0; Win64; x64) AppleWebKit/537.36 (KHTML, like Gecko) Chrome/113.0.0.0 Safari/537.36"
144.217.207.28 - - [07/Jun/2023:16:41:36 -0400] "GET /jeffjs/functions.js HTTP/2.0" 304 - "https://sb236.cryptoland.host/" "Mozilla/5.0 (Windows NT 10.0; Win64; x64) AppleWebKit/537.36 (KHTML, like Gecko) Chrome/113.0.0.0 Safari/537.36"
144.217.207.28 - - [07/Jun/2023:16:41:36 -0400] "GET /jeffjs/action.js HTTP/2.0" 304 - "https://sb236.cryptoland.host/" "Mozilla/5.0 (Windows NT 10.0; Win64; x64) AppleWebKit/537.36 (KHTML, like Gecko) Chrome/113.0.0.0 Safari/537.36"
144.217.207.28 - - [07/Jun/2023:16:41:38 -0400] "POST /jeffajax.php HTTP/2.0" 200 4117 "https://sb236.cryptoland.host/" "Mozilla/5.0 (Windows NT 10.0; Win64; x64) AppleWebKit/537.36 (KHTML, like Gecko) Chrome/113.0.0.0 Safari/537.36"
178.128.152.119 - - [07/Jun/2023:16:45:59 -0400] "GET / HTTP/1.0" 200 15508 "-" "Mozilla/5.0 (X11; Linux x86_64; rv:98.0) Gecko/20100101 Firefox/98.0"
144.217.207.28 - - [07/Jun/2023:16:46:34 -0400] "GET / HTTP/2.0" 200 78805 "https://sb236.cryptoland.host/" "Mozilla/5.0 (Windows NT 10.0; Win64; x64) AppleWebKit/537.36 (KHTML, like Gecko) Chrome/113.0.0.0 Safari/537.36"
144.217.207.28 - - [07/Jun/2023:16:46:38 -0400] "POST /jeffajax.php HTTP/2.0" 200 4117 "https://sb236.cryptoland.host/" "Mozilla/5.0 (Windows NT 10.0; Win64; x64) AppleWebKit/537.36 (KHTML, like Gecko) Chrome/113.0.0.0 Safari/537.36"
144.217.207.28 - - [07/Jun/2023:16:51:34 -0400] "GET / HTTP/2.0" 200 78805 "https://sb236.cryptoland.host/" "Mozilla/5.0 (Windows NT 10.0; Win64; x64) AppleWebKit/537.36 (KHTML, like Gecko) Chrome/113.0.0.0 Safari/537.36"
144.217.207.28 - - [07/Jun/2023:16:51:37 -0400] "POST /jeffajax.php HTTP/2.0" 200 4117 "https://sb236.cryptoland.host/" "Mozilla/5.0 (Windows NT 10.0; Win64; x64) AppleWebKit/537.36 (KHTML, like Gecko) Chrome/113.0.0.0 Safari/537.36"
144.217.207.28 - - [07/Jun/2023:16:56:34 -0400] "GET / HTTP/2.0" 200 78805 "https://sb236.cryptoland.host/" "Mozilla/5.0 (Windows NT 10.0; Win64; x64) AppleWebKit/537.36 (KHTML, like Gecko) Chrome/113.0.0.0 Safari/537.36"
144.217.207.28 - - [07/Jun/2023:16:56:37 -0400] "POST /jeffajax.php HTTP/2.0" 200 4117 "https://sb236.cryptoland.host/" "Mozilla/5.0 (Windows NT 10.0; Win64; x64) AppleWebKit/537.36 (KHTML, like Gecko) Chrome/113.0.0.0 Safari/537.36"
66.7.117.138 - - [07/Jun/2023:16:57:30 -0400] "POST /jeffajax.php HTTP/2.0" 200 1 "https://sb236.cryptoland.host/" "Mozilla/5.0 (Windows NT 10.0; Win64; x64) AppleWebKit/537.36 (KHTML, like Gecko) Chrome/114.0.0.0 Safari/537.36"
66.7.117.138 - - [07/Jun/2023:16:57:33 -0400] "GET /assets/css/plugins/slick.css HTTP/2.0" 304 - "https://sb236.cryptoland.host/" "Mozilla/5.0 (Windows NT 10.0; Win64; x64) AppleWebKit/537.36 (KHTML, like Gecko) Chrome/114.0.0.0 Safari/537.36"
66.7.117.138 - - [07/Jun/2023:16:57:33 -0400] "GET /assets/css/style.css HTTP/2.0" 304 - "https://sb236.cryptoland.host/" "Mozilla/5.0 (Windows NT 10.0; Win64; x64) AppleWebKit/537.36 (KHTML, like Gecko) Chrome/114.0.0.0 Safari/537.36"
66.7.117.138 - - [07/Jun/2023:16:57:32 -0400] "GET / HTTP/2.0" 200 78805 "https://sb236.cryptoland.host/" "Mozilla/5.0 (Windows NT 10.0; Win64; x64) AppleWebKit/537.36 (KHTML, like Gecko) Chrome/114.0.0.0 Safari/537.36"
66.7.117.138 - - [07/Jun/2023:16:57:34 -0400] "GET /jeffjs/functions.js HTTP/2.0" 304 - "https://sb236.cryptoland.host/" "Mozilla/5.0 (Windows NT 10.0; Win64; x64) AppleWebKit/537.36 (KHTML, like Gecko) Chrome/114.0.0.0 Safari/537.36"
66.7.117.138 - - [07/Jun/2023:16:57:34 -0400] "GET /jeffjs/action.js HTTP/2.0" 304 - "https://sb236.cryptoland.host/" "Mozilla/5.0 (Windows NT 10.0; Win64; x64) AppleWebKit/537.36 (KHTML, like Gecko) Chrome/114.0.0.0 Safari/537.36"
66.7.117.138 - - [07/Jun/2023:16:57:34 -0400] "GET /jeffjs/filter.js HTTP/2.0" 304 - "https://sb236.cryptoland.host/" "Mozilla/5.0 (Windows NT 10.0; Win64; x64) AppleWebKit/537.36 (KHTML, like Gecko) Chrome/114.0.0.0 Safari/537.36"
66.7.117.138 - - [07/Jun/2023:16:57:34 -0400] "POST /jeffajax.php HTTP/2.0" 200 4117 "https://sb236.cryptoland.host/" "Mozilla/5.0 (Windows NT 10.0; Win64; x64) AppleWebKit/537.36 (KHTML, like Gecko) Chrome/114.0.0.0 Safari/537.36"
144.217.207.28 - - [07/Jun/2023:17:02:34 -0400] "GET / HTTP/2.0" 200 78805 "https://sb236.cryptoland.host/" "Mozilla/5.0 (Windows NT 10.0; Win64; x64) AppleWebKit/537.36 (KHTML, like Gecko) Chrome/113.0.0.0 Safari/537.36"
144.217.207.28 - - [07/Jun/2023:17:02:37 -0400] "POST /jeffajax.php HTTP/2.0" 200 4117 "https://sb236.cryptoland.host/" "Mozilla/5.0 (Windows NT 10.0; Win64; x64) AppleWebKit/537.36 (KHTML, like Gecko) Chrome/113.0.0.0 Safari/537.36"
144.217.207.28 - - [07/Jun/2023:17:06:34 -0400] "GET / HTTP/2.0" 200 78805 "https://sb236.cryptoland.host/" "Mozilla/5.0 (Windows NT 10.0; Win64; x64) AppleWebKit/537.36 (KHTML, like Gecko) Chrome/113.0.0.0 Safari/537.36"
144.217.207.28 - - [07/Jun/2023:17:06:37 -0400] "POST /jeffajax.php HTTP/2.0" 200 4117 "https://sb236.cryptoland.host/" "Mozilla/5.0 (Windows NT 10.0; Win64; x64) AppleWebKit/537.36 (KHTML, like Gecko) Chrome/113.0.0.0 Safari/537.36"
144.217.207.28 - - [07/Jun/2023:17:11:34 -0400] "GET / HTTP/2.0" 200 78805 "https://sb236.cryptoland.host/" "Mozilla/5.0 (Windows NT 10.0; Win64; x64) AppleWebKit/537.36 (KHTML, like Gecko) Chrome/113.0.0.0 Safari/537.36"
144.217.207.28 - - [07/Jun/2023:17:11:38 -0400] "POST /jeffajax.php HTTP/2.0" 200 4117 "https://sb236.cryptoland.host/" "Mozilla/5.0 (Windows NT 10.0; Win64; x64) AppleWebKit/537.36 (KHTML, like Gecko) Chrome/113.0.0.0 Safari/537.36"
144.217.207.28 - - [07/Jun/2023:17:17:34 -0400] "GET / HTTP/2.0" 200 78805 "https://sb236.cryptoland.host/" "Mozilla/5.0 (Windows NT 10.0; Win64; x64) AppleWebKit/537.36 (KHTML, like Gecko) Chrome/113.0.0.0 Safari/537.36"
144.217.207.28 - - [07/Jun/2023:17:17:39 -0400] "POST /jeffajax.php HTTP/2.0" 200 4117 "https://sb236.cryptoland.host/" "Mozilla/5.0 (Windows NT 10.0; Win64; x64) AppleWebKit/537.36 (KHTML, like Gecko) Chrome/113.0.0.0 Safari/537.36"
144.217.207.28 - - [07/Jun/2023:17:21:34 -0400] "GET / HTTP/2.0" 200 78805 "https://sb236.cryptoland.host/" "Mozilla/5.0 (Windows NT 10.0; Win64; x64) AppleWebKit/537.36 (KHTML, like Gecko) Chrome/113.0.0.0 Safari/537.36"
144.217.207.28 - - [07/Jun/2023:17:21:36 -0400] "GET /assets/css/style.css HTTP/2.0" 304 - "https://sb236.cryptoland.host/" "Mozilla/5.0 (Windows NT 10.0; Win64; x64) AppleWebKit/537.36 (KHTML, like Gecko) Chrome/113.0.0.0 Safari/537.36"
144.217.207.28 - - [07/Jun/2023:17:21:39 -0400] "POST /jeffajax.php HTTP/2.0" 200 4117 "https://sb236.cryptoland.host/" "Mozilla/5.0 (Windows NT 10.0; Win64; x64) AppleWebKit/537.36 (KHTML, like Gecko) Chrome/113.0.0.0 Safari/537.36"
144.217.207.28 - - [07/Jun/2023:17:26:34 -0400] "GET / HTTP/2.0" 200 78805 "https://sb236.cryptoland.host/" "Mozilla/5.0 (Windows NT 10.0; Win64; x64) AppleWebKit/537.36 (KHTML, like Gecko) Chrome/113.0.0.0 Safari/537.36"
144.217.207.28 - - [07/Jun/2023:17:26:37 -0400] "POST /jeffajax.php HTTP/2.0" 200 4117 "https://sb236.cryptoland.host/" "Mozilla/5.0 (Windows NT 10.0; Win64; x64) AppleWebKit/537.36 (KHTML, like Gecko) Chrome/113.0.0.0 Safari/537.36"
83.97.73.89 - - [07/Jun/2023:17:26:52 -0400] "POST /cgi-bin/.%2e/.%2e/.%2e/.%2e/bin/sh HTTP/1.1" 400 226 "-" "Mozilla/5.0 (Windows NT 10.0; Win64; x64) AppleWebKit/537.36 (KHTML, like Gecko) Chrome/78.0.3904.108 Safari/537.36"
144.217.207.28 - - [07/Jun/2023:17:31:34 -0400] "GET / HTTP/2.0" 200 78805 "https://sb236.cryptoland.host/" "Mozilla/5.0 (Windows NT 10.0; Win64; x64) AppleWebKit/537.36 (KHTML, like Gecko) Chrome/113.0.0.0 Safari/537.36"
144.217.207.28 - - [07/Jun/2023:17:31:37 -0400] "POST /jeffajax.php HTTP/2.0" 200 4117 "https://sb236.cryptoland.host/" "Mozilla/5.0 (Windows NT 10.0; Win64; x64) AppleWebKit/537.36 (KHTML, like Gecko) Chrome/113.0.0.0 Safari/537.36"
103.187.191.182 - - [07/Jun/2023:17:35:32 -0400] "POST /sdk HTTP/1.1" 404 196 "-" "Mozilla/5.0 (compatible; Nmap Scripting Engine; https://nmap.org/book/nse.html)"
103.187.191.198 - - [07/Jun/2023:17:35:32 -0400] "GET /nmaplowercheck1686173731 HTTP/1.1" 404 196 "-" "Mozilla/5.0 (compatible; Nmap Scripting Engine; https://nmap.org/book/nse.html)"
103.187.191.222 - - [07/Jun/2023:17:35:31 -0400] "GET / HTTP/1.0" 200 50603 "-" "-"
103.187.191.178 - - [07/Jun/2023:17:35:33 -0400] "GET /evox/about HTTP/1.1" 404 196 "-" "Mozilla/5.0 (compatible; Nmap Scripting Engine; https://nmap.org/book/nse.html)"
103.187.191.182 - - [07/Jun/2023:17:35:33 -0400] "GET /HNAP1 HTTP/1.1" 404 196 "-" "Mozilla/5.0 (compatible; Nmap Scripting Engine; https://nmap.org/book/nse.html)"
103.187.191.235 - - [07/Jun/2023:17:35:34 -0400] "GET / HTTP/1.0" 200 40060 "-" "-"
103.187.191.157 - - [07/Jun/2023:17:35:36 -0400] "GET / HTTP/1.1" 200 40060 "-" "-"
103.187.191.231 - - [07/Jun/2023:17:36:27 -0400] "GET / HTTP/1.0" 400 362 "-" "-"
144.217.207.28 - - [07/Jun/2023:17:37:34 -0400] "GET / HTTP/2.0" 200 78805 "https://sb236.cryptoland.host/" "Mozilla/5.0 (Windows NT 10.0; Win64; x64) AppleWebKit/537.36 (KHTML, like Gecko) Chrome/113.0.0.0 Safari/537.36"
144.217.207.28 - - [07/Jun/2023:17:37:37 -0400] "POST /jeffajax.php HTTP/2.0" 200 4117 "https://sb236.cryptoland.host/" "Mozilla/5.0 (Windows NT 10.0; Win64; x64) AppleWebKit/537.36 (KHTML, like Gecko) Chrome/113.0.0.0 Safari/537.36"
144.217.207.28 - - [07/Jun/2023:17:41:34 -0400] "GET / HTTP/2.0" 200 78805 "https://sb236.cryptoland.host/" "Mozilla/5.0 (Windows NT 10.0; Win64; x64) AppleWebKit/537.36 (KHTML, like Gecko) Chrome/113.0.0.0 Safari/537.36"
144.217.207.28 - - [07/Jun/2023:17:41:37 -0400] "POST /jeffajax.php HTTP/2.0" 200 4117 "https://sb236.cryptoland.host/" "Mozilla/5.0 (Windows NT 10.0; Win64; x64) AppleWebKit/537.36 (KHTML, like Gecko) Chrome/113.0.0.0 Safari/537.36"
162.142.125.223 - - [07/Jun/2023:17:44:34 -0400] "GET / HTTP/1.1" 200 23692 "-" "-"
162.142.125.223 - - [07/Jun/2023:17:44:34 -0400] "GET / HTTP/1.1" 200 65450 "-" "Mozilla/5.0 (compatible; CensysInspect/1.1; +https://about.censys.io/)"
162.142.125.223 - - [07/Jun/2023:17:44:36 -0400] "GET /favicon.ico HTTP/1.1" 404 196 "-" "Mozilla/5.0 (compatible; CensysInspect/1.1; +https://about.censys.io/)"
144.217.207.28 - - [07/Jun/2023:17:46:34 -0400] "GET / HTTP/2.0" 200 78805 "https://sb236.cryptoland.host/" "Mozilla/5.0 (Windows NT 10.0; Win64; x64) AppleWebKit/537.36 (KHTML, like Gecko) Chrome/113.0.0.0 Safari/537.36"
144.217.207.28 - - [07/Jun/2023:17:46:38 -0400] "POST /jeffajax.php HTTP/2.0" 200 4117 "https://sb236.cryptoland.host/" "Mozilla/5.0 (Windows NT 10.0; Win64; x64) AppleWebKit/537.36 (KHTML, like Gecko) Chrome/113.0.0.0 Safari/537.36"
144.217.207.28 - - [07/Jun/2023:17:51:34 -0400] "GET / HTTP/2.0" 200 78789 "https://sb236.cryptoland.host/" "Mozilla/5.0 (Windows NT 10.0; Win64; x64) AppleWebKit/537.36 (KHTML, like Gecko) Chrome/113.0.0.0 Safari/537.36"
144.217.207.28 - - [07/Jun/2023:17:51:39 -0400] "POST /jeffajax.php HTTP/2.0" 200 4117 "https://sb236.cryptoland.host/" "Mozilla/5.0 (Windows NT 10.0; Win64; x64) AppleWebKit/537.36 (KHTML, like Gecko) Chrome/113.0.0.0 Safari/537.36"
188.43.136.46 - - [07/Jun/2023:17:55:20 -0400] "GET /?DEFAULT_PAGE_TYPE=claim HTTP/2.0" 200 65860 "-" "Mozilla/5.0 (Windows NT 10.0; Win64; x64) AppleWebKit/537.36 (KHTML, like Gecko) Chrome/114.0.0.0 Safari/537.36"
188.43.136.46 - - [07/Jun/2023:17:55:23 -0400] "GET /assets/css/plugins/slick.css HTTP/2.0" 304 - "https://sb236.cryptoland.host/?DEFAULT_PAGE_TYPE=claim" "Mozilla/5.0 (Windows NT 10.0; Win64; x64) AppleWebKit/537.36 (KHTML, like Gecko) Chrome/114.0.0.0 Safari/537.36"
188.43.136.46 - - [07/Jun/2023:17:55:23 -0400] "GET /assets/css/style.css HTTP/2.0" 304 - "https://sb236.cryptoland.host/?DEFAULT_PAGE_TYPE=claim" "Mozilla/5.0 (Windows NT 10.0; Win64; x64) AppleWebKit/537.36 (KHTML, like Gecko) Chrome/114.0.0.0 Safari/537.36"
188.43.136.46 - - [07/Jun/2023:17:55:24 -0400] "GET /assets/css/plugins/bootstrap.min.css.map HTTP/2.0" 404 196 "-" "Mozilla/5.0 (Windows NT 10.0; Win64; x64) AppleWebKit/537.36 (KHTML, like Gecko) Chrome/114.0.0.0 Safari/537.36"
188.43.136.46 - - [07/Jun/2023:17:55:26 -0400] "GET /assets/js/main.js HTTP/2.0" 304 - "https://sb236.cryptoland.host/?DEFAULT_PAGE_TYPE=claim" "Mozilla/5.0 (Windows NT 10.0; Win64; x64) AppleWebKit/537.36 (KHTML, like Gecko) Chrome/114.0.0.0 Safari/537.36"
188.43.136.46 - - [07/Jun/2023:17:55:26 -0400] "GET /jeffjs/functions.js HTTP/2.0" 304 - "https://sb236.cryptoland.host/?DEFAULT_PAGE_TYPE=claim" "Mozilla/5.0 (Windows NT 10.0; Win64; x64) AppleWebKit/537.36 (KHTML, like Gecko) Chrome/114.0.0.0 Safari/537.36"
188.43.136.46 - - [07/Jun/2023:17:55:26 -0400] "GET /jeffjs/action.js HTTP/2.0" 304 - "https://sb236.cryptoland.host/?DEFAULT_PAGE_TYPE=claim" "Mozilla/5.0 (Windows NT 10.0; Win64; x64) AppleWebKit/537.36 (KHTML, like Gecko) Chrome/114.0.0.0 Safari/537.36"
188.43.136.46 - - [07/Jun/2023:17:55:26 -0400] "GET /jeffjs/filter.js HTTP/2.0" 304 - "https://sb236.cryptoland.host/?DEFAULT_PAGE_TYPE=claim" "Mozilla/5.0 (Windows NT 10.0; Win64; x64) AppleWebKit/537.36 (KHTML, like Gecko) Chrome/114.0.0.0 Safari/537.36"
188.43.136.46 - - [07/Jun/2023:17:55:27 -0400] "GET /env.js HTTP/2.0" 304 - "https://sb236.cryptoland.host/?DEFAULT_PAGE_TYPE=claim" "Mozilla/5.0 (Windows NT 10.0; Win64; x64) AppleWebKit/537.36 (KHTML, like Gecko) Chrome/114.0.0.0 Safari/537.36"
188.43.136.46 - - [07/Jun/2023:17:55:28 -0400] "POST /jeffajax.php HTTP/2.0" 200 - "https://sb236.cryptoland.host/?DEFAULT_PAGE_TYPE=claim" "Mozilla/5.0 (Windows NT 10.0; Win64; x64) AppleWebKit/537.36 (KHTML, like Gecko) Chrome/114.0.0.0 Safari/537.36"
144.217.207.28 - - [07/Jun/2023:17:56:34 -0400] "GET / HTTP/2.0" 200 78789 "https://sb236.cryptoland.host/" "Mozilla/5.0 (Windows NT 10.0; Win64; x64) AppleWebKit/537.36 (KHTML, like Gecko) Chrome/113.0.0.0 Safari/537.36"
144.217.207.28 - - [07/Jun/2023:17:56:36 -0400] "GET /jeffjs/filter.js HTTP/2.0" 304 - "https://sb236.cryptoland.host/" "Mozilla/5.0 (Windows NT 10.0; Win64; x64) AppleWebKit/537.36 (KHTML, like Gecko) Chrome/113.0.0.0 Safari/537.36"
144.217.207.28 - - [07/Jun/2023:17:56:38 -0400] "POST /jeffajax.php HTTP/2.0" 200 4117 "https://sb236.cryptoland.host/" "Mozilla/5.0 (Windows NT 10.0; Win64; x64) AppleWebKit/537.36 (KHTML, like Gecko) Chrome/113.0.0.0 Safari/537.36"
83.97.73.89 - - [07/Jun/2023:18:00:09 -0400] "GET / HTTP/1.1" 200 65434 "-" "Mozilla/5.0 (Windows NT 10.0; Win64; x64) AppleWebKit/537.36 (KHTML, like Gecko) Chrome/78.0.3904.108 Safari/537.36"
144.217.207.28 - - [07/Jun/2023:18:01:34 -0400] "GET / HTTP/2.0" 200 78789 "https://sb236.cryptoland.host/" "Mozilla/5.0 (Windows NT 10.0; Win64; x64) AppleWebKit/537.36 (KHTML, like Gecko) Chrome/113.0.0.0 Safari/537.36"
144.217.207.28 - - [07/Jun/2023:18:01:38 -0400] "POST /jeffajax.php HTTP/2.0" 200 4117 "https://sb236.cryptoland.host/" "Mozilla/5.0 (Windows NT 10.0; Win64; x64) AppleWebKit/537.36 (KHTML, like Gecko) Chrome/113.0.0.0 Safari/537.36"
188.43.136.46 - - [07/Jun/2023:18:06:11 -0400] "GET /?DEFAULT_PAGE_TYPE=claim HTTP/2.0" 200 78789 "https://sb236.cryptoland.host/?DEFAULT_PAGE_TYPE=main" "Mozilla/5.0 (Windows NT 10.0; Win64; x64) AppleWebKit/537.36 (KHTML, like Gecko) Chrome/114.0.0.0 Safari/537.36"
188.43.136.46 - - [07/Jun/2023:18:06:13 -0400] "GET /assets/css/style.css HTTP/2.0" 304 - "https://sb236.cryptoland.host/?DEFAULT_PAGE_TYPE=claim" "Mozilla/5.0 (Windows NT 10.0; Win64; x64) AppleWebKit/537.36 (KHTML, like Gecko) Chrome/114.0.0.0 Safari/537.36"
188.43.136.46 - - [07/Jun/2023:18:06:13 -0400] "GET /assets/css/plugins/slick.css HTTP/2.0" 304 - "https://sb236.cryptoland.host/?DEFAULT_PAGE_TYPE=claim" "Mozilla/5.0 (Windows NT 10.0; Win64; x64) AppleWebKit/537.36 (KHTML, like Gecko) Chrome/114.0.0.0 Safari/537.36"
188.43.136.46 - - [07/Jun/2023:18:06:13 -0400] "GET /assets/css/plugins/bootstrap.min.css.map HTTP/2.0" 404 196 "-" "Mozilla/5.0 (Windows NT 10.0; Win64; x64) AppleWebKit/537.36 (KHTML, like Gecko) Chrome/114.0.0.0 Safari/537.36"
188.43.136.46 - - [07/Jun/2023:18:06:14 -0400] "GET /assets/js/main.js HTTP/2.0" 304 - "https://sb236.cryptoland.host/?DEFAULT_PAGE_TYPE=claim" "Mozilla/5.0 (Windows NT 10.0; Win64; x64) AppleWebKit/537.36 (KHTML, like Gecko) Chrome/114.0.0.0 Safari/537.36"
188.43.136.46 - - [07/Jun/2023:18:06:14 -0400] "GET /jeffjs/functions.js HTTP/2.0" 304 - "https://sb236.cryptoland.host/?DEFAULT_PAGE_TYPE=claim" "Mozilla/5.0 (Windows NT 10.0; Win64; x64) AppleWebKit/537.36 (KHTML, like Gecko) Chrome/114.0.0.0 Safari/537.36"
188.43.136.46 - - [07/Jun/2023:18:06:15 -0400] "GET /jeffjs/action.js HTTP/2.0" 304 - "https://sb236.cryptoland.host/?DEFAULT_PAGE_TYPE=claim" "Mozilla/5.0 (Windows NT 10.0; Win64; x64) AppleWebKit/537.36 (KHTML, like Gecko) Chrome/114.0.0.0 Safari/537.36"
188.43.136.46 - - [07/Jun/2023:18:06:15 -0400] "GET /jeffjs/filter.js HTTP/2.0" 304 - "https://sb236.cryptoland.host/?DEFAULT_PAGE_TYPE=claim" "Mozilla/5.0 (Windows NT 10.0; Win64; x64) AppleWebKit/537.36 (KHTML, like Gecko) Chrome/114.0.0.0 Safari/537.36"
188.43.136.46 - - [07/Jun/2023:18:06:15 -0400] "POST /jeffajax.php HTTP/2.0" 200 4117 "https://sb236.cryptoland.host/?DEFAULT_PAGE_TYPE=claim" "Mozilla/5.0 (Windows NT 10.0; Win64; x64) AppleWebKit/537.36 (KHTML, like Gecko) Chrome/114.0.0.0 Safari/537.36"
188.43.136.46 - - [07/Jun/2023:18:06:17 -0400] "POST /jeffajax.php HTTP/2.0" 200 10 "https://sb236.cryptoland.host/?DEFAULT_PAGE_TYPE=claim" "Mozilla/5.0 (Windows NT 10.0; Win64; x64) AppleWebKit/537.36 (KHTML, like Gecko) Chrome/114.0.0.0 Safari/537.36"
188.43.136.46 - - [07/Jun/2023:18:06:18 -0400] "POST /jeffajax.php HTTP/2.0" 200 10 "https://sb236.cryptoland.host/?DEFAULT_PAGE_TYPE=claim" "Mozilla/5.0 (Windows NT 10.0; Win64; x64) AppleWebKit/537.36 (KHTML, like Gecko) Chrome/114.0.0.0 Safari/537.36"
144.217.207.28 - - [07/Jun/2023:18:06:34 -0400] "GET / HTTP/2.0" 200 78789 "https://sb236.cryptoland.host/" "Mozilla/5.0 (Windows NT 10.0; Win64; x64) AppleWebKit/537.36 (KHTML, like Gecko) Chrome/113.0.0.0 Safari/537.36"
144.217.207.28 - - [07/Jun/2023:18:06:37 -0400] "POST /jeffajax.php HTTP/2.0" 200 4117 "https://sb236.cryptoland.host/" "Mozilla/5.0 (Windows NT 10.0; Win64; x64) AppleWebKit/537.36 (KHTML, like Gecko) Chrome/113.0.0.0 Safari/537.36"
144.217.207.28 - - [07/Jun/2023:18:11:34 -0400] "GET / HTTP/2.0" 200 78789 "https://sb236.cryptoland.host/" "Mozilla/5.0 (Windows NT 10.0; Win64; x64) AppleWebKit/537.36 (KHTML, like Gecko) Chrome/113.0.0.0 Safari/537.36"
144.217.207.28 - - [07/Jun/2023:18:11:38 -0400] "POST /jeffajax.php HTTP/2.0" 200 4117 "https://sb236.cryptoland.host/" "Mozilla/5.0 (Windows NT 10.0; Win64; x64) AppleWebKit/537.36 (KHTML, like Gecko) Chrome/113.0.0.0 Safari/537.36"
144.217.207.28 - - [07/Jun/2023:18:16:34 -0400] "GET / HTTP/2.0" 200 78789 "https://sb236.cryptoland.host/" "Mozilla/5.0 (Windows NT 10.0; Win64; x64) AppleWebKit/537.36 (KHTML, like Gecko) Chrome/113.0.0.0 Safari/537.36"
144.217.207.28 - - [07/Jun/2023:18:16:37 -0400] "POST /jeffajax.php HTTP/2.0" 200 4117 "https://sb236.cryptoland.host/" "Mozilla/5.0 (Windows NT 10.0; Win64; x64) AppleWebKit/537.36 (KHTML, like Gecko) Chrome/113.0.0.0 Safari/537.36"
80.66.88.211 - - [07/Jun/2023:18:21:27 -0400] "\x03" 400 226 "-" "-"
144.217.207.28 - - [07/Jun/2023:18:21:34 -0400] "GET / HTTP/2.0" 200 78789 "https://sb236.cryptoland.host/" "Mozilla/5.0 (Windows NT 10.0; Win64; x64) AppleWebKit/537.36 (KHTML, like Gecko) Chrome/113.0.0.0 Safari/537.36"
144.217.207.28 - - [07/Jun/2023:18:21:37 -0400] "POST /jeffajax.php HTTP/2.0" 200 4117 "https://sb236.cryptoland.host/" "Mozilla/5.0 (Windows NT 10.0; Win64; x64) AppleWebKit/537.36 (KHTML, like Gecko) Chrome/113.0.0.0 Safari/537.36"
144.217.207.28 - - [07/Jun/2023:18:26:34 -0400] "GET / HTTP/2.0" 200 78789 "https://sb236.cryptoland.host/" "Mozilla/5.0 (Windows NT 10.0; Win64; x64) AppleWebKit/537.36 (KHTML, like Gecko) Chrome/113.0.0.0 Safari/537.36"
144.217.207.28 - - [07/Jun/2023:18:26:38 -0400] "POST /jeffajax.php HTTP/2.0" 200 4117 "https://sb236.cryptoland.host/" "Mozilla/5.0 (Windows NT 10.0; Win64; x64) AppleWebKit/537.36 (KHTML, like Gecko) Chrome/113.0.0.0 Safari/537.36"
144.217.207.28 - - [07/Jun/2023:18:31:34 -0400] "GET / HTTP/2.0" 200 78789 "https://sb236.cryptoland.host/" "Mozilla/5.0 (Windows NT 10.0; Win64; x64) AppleWebKit/537.36 (KHTML, like Gecko) Chrome/113.0.0.0 Safari/537.36"
144.217.207.28 - - [07/Jun/2023:18:31:37 -0400] "POST /jeffajax.php HTTP/2.0" 200 4117 "https://sb236.cryptoland.host/" "Mozilla/5.0 (Windows NT 10.0; Win64; x64) AppleWebKit/537.36 (KHTML, like Gecko) Chrome/113.0.0.0 Safari/537.36"
144.217.207.28 - - [07/Jun/2023:18:36:34 -0400] "GET / HTTP/2.0" 200 78789 "https://sb236.cryptoland.host/" "Mozilla/5.0 (Windows NT 10.0; Win64; x64) AppleWebKit/537.36 (KHTML, like Gecko) Chrome/113.0.0.0 Safari/537.36"
144.217.207.28 - - [07/Jun/2023:18:36:37 -0400] "POST /jeffajax.php HTTP/2.0" 200 4117 "https://sb236.cryptoland.host/" "Mozilla/5.0 (Windows NT 10.0; Win64; x64) AppleWebKit/537.36 (KHTML, like Gecko) Chrome/113.0.0.0 Safari/537.36"
144.217.207.28 - - [07/Jun/2023:18:41:34 -0400] "GET / HTTP/2.0" 200 78789 "https://sb236.cryptoland.host/" "Mozilla/5.0 (Windows NT 10.0; Win64; x64) AppleWebKit/537.36 (KHTML, like Gecko) Chrome/113.0.0.0 Safari/537.36"
144.217.207.28 - - [07/Jun/2023:18:41:38 -0400] "POST /jeffajax.php HTTP/2.0" 200 4117 "https://sb236.cryptoland.host/" "Mozilla/5.0 (Windows NT 10.0; Win64; x64) AppleWebKit/537.36 (KHTML, like Gecko) Chrome/113.0.0.0 Safari/537.36"
144.217.207.28 - - [07/Jun/2023:18:46:34 -0400] "GET / HTTP/2.0" 200 78789 "https://sb236.cryptoland.host/" "Mozilla/5.0 (Windows NT 10.0; Win64; x64) AppleWebKit/537.36 (KHTML, like Gecko) Chrome/113.0.0.0 Safari/537.36"
144.217.207.28 - - [07/Jun/2023:18:46:38 -0400] "POST /jeffajax.php HTTP/2.0" 200 4117 "https://sb236.cryptoland.host/" "Mozilla/5.0 (Windows NT 10.0; Win64; x64) AppleWebKit/537.36 (KHTML, like Gecko) Chrome/113.0.0.0 Safari/537.36"
167.94.138.51 - - [07/Jun/2023:18:51:17 -0400] "GET / HTTP/1.1" 200 23692 "-" "-"
167.94.138.51 - - [07/Jun/2023:18:51:17 -0400] "GET / HTTP/1.1" 200 65434 "-" "Mozilla/5.0 (compatible; CensysInspect/1.1; +https://about.censys.io/)"
167.94.138.51 - - [07/Jun/2023:18:51:19 -0400] "GET /favicon.ico HTTP/1.1" 404 196 "-" "Mozilla/5.0 (compatible; CensysInspect/1.1; +https://about.censys.io/)"
144.217.207.28 - - [07/Jun/2023:18:51:34 -0400] "GET / HTTP/2.0" 200 78789 "https://sb236.cryptoland.host/" "Mozilla/5.0 (Windows NT 10.0; Win64; x64) AppleWebKit/537.36 (KHTML, like Gecko) Chrome/113.0.0.0 Safari/537.36"
144.217.207.28 - - [07/Jun/2023:18:51:39 -0400] "POST /jeffajax.php HTTP/2.0" 200 4117 "https://sb236.cryptoland.host/" "Mozilla/5.0 (Windows NT 10.0; Win64; x64) AppleWebKit/537.36 (KHTML, like Gecko) Chrome/113.0.0.0 Safari/537.36"
144.217.207.28 - - [07/Jun/2023:18:56:34 -0400] "GET / HTTP/2.0" 200 78789 "https://sb236.cryptoland.host/" "Mozilla/5.0 (Windows NT 10.0; Win64; x64) AppleWebKit/537.36 (KHTML, like Gecko) Chrome/113.0.0.0 Safari/537.36"
144.217.207.28 - - [07/Jun/2023:18:56:37 -0400] "POST /jeffajax.php HTTP/2.0" 200 4117 "https://sb236.cryptoland.host/" "Mozilla/5.0 (Windows NT 10.0; Win64; x64) AppleWebKit/537.36 (KHTML, like Gecko) Chrome/113.0.0.0 Safari/537.36"
144.217.207.28 - - [07/Jun/2023:19:02:34 -0400] "GET / HTTP/2.0" 200 78789 "https://sb236.cryptoland.host/" "Mozilla/5.0 (Windows NT 10.0; Win64; x64) AppleWebKit/537.36 (KHTML, like Gecko) Chrome/113.0.0.0 Safari/537.36"
144.217.207.28 - - [07/Jun/2023:19:02:37 -0400] "POST /jeffajax.php HTTP/2.0" 200 4117 "https://sb236.cryptoland.host/" "Mozilla/5.0 (Windows NT 10.0; Win64; x64) AppleWebKit/537.36 (KHTML, like Gecko) Chrome/113.0.0.0 Safari/537.36"
144.217.207.28 - - [07/Jun/2023:19:06:34 -0400] "GET / HTTP/2.0" 200 78789 "https://sb236.cryptoland.host/" "Mozilla/5.0 (Windows NT 10.0; Win64; x64) AppleWebKit/537.36 (KHTML, like Gecko) Chrome/113.0.0.0 Safari/537.36"
144.217.207.28 - - [07/Jun/2023:19:06:37 -0400] "POST /jeffajax.php HTTP/2.0" 200 4117 "https://sb236.cryptoland.host/" "Mozilla/5.0 (Windows NT 10.0; Win64; x64) AppleWebKit/537.36 (KHTML, like Gecko) Chrome/113.0.0.0 Safari/537.36"
34.77.127.183 - - [07/Jun/2023:19:10:46 -0400] "GET / HTTP/1.1" 200 23692 "-" "python-requests/2.28.2"
144.217.207.28 - - [07/Jun/2023:19:11:34 -0400] "GET / HTTP/2.0" 200 78789 "https://sb236.cryptoland.host/" "Mozilla/5.0 (Windows NT 10.0; Win64; x64) AppleWebKit/537.36 (KHTML, like Gecko) Chrome/113.0.0.0 Safari/537.36"
144.217.207.28 - - [07/Jun/2023:19:11:38 -0400] "POST /jeffajax.php HTTP/2.0" 200 4117 "https://sb236.cryptoland.host/" "Mozilla/5.0 (Windows NT 10.0; Win64; x64) AppleWebKit/537.36 (KHTML, like Gecko) Chrome/113.0.0.0 Safari/537.36"
144.217.207.28 - - [07/Jun/2023:19:17:34 -0400] "GET / HTTP/2.0" 200 78789 "https://sb236.cryptoland.host/" "Mozilla/5.0 (Windows NT 10.0; Win64; x64) AppleWebKit/537.36 (KHTML, like Gecko) Chrome/113.0.0.0 Safari/537.36"
144.217.207.28 - - [07/Jun/2023:19:17:37 -0400] "POST /jeffajax.php HTTP/2.0" 200 4117 "https://sb236.cryptoland.host/" "Mozilla/5.0 (Windows NT 10.0; Win64; x64) AppleWebKit/537.36 (KHTML, like Gecko) Chrome/113.0.0.0 Safari/537.36"
144.217.207.28 - - [07/Jun/2023:19:21:34 -0400] "GET / HTTP/2.0" 200 78789 "https://sb236.cryptoland.host/" "Mozilla/5.0 (Windows NT 10.0; Win64; x64) AppleWebKit/537.36 (KHTML, like Gecko) Chrome/113.0.0.0 Safari/537.36"
144.217.207.28 - - [07/Jun/2023:19:21:37 -0400] "POST /jeffajax.php HTTP/2.0" 200 4117 "https://sb236.cryptoland.host/" "Mozilla/5.0 (Windows NT 10.0; Win64; x64) AppleWebKit/537.36 (KHTML, like Gecko) Chrome/113.0.0.0 Safari/537.36"
144.217.207.28 - - [07/Jun/2023:19:26:34 -0400] "GET / HTTP/2.0" 200 78789 "https://sb236.cryptoland.host/" "Mozilla/5.0 (Windows NT 10.0; Win64; x64) AppleWebKit/537.36 (KHTML, like Gecko) Chrome/113.0.0.0 Safari/537.36"
144.217.207.28 - - [07/Jun/2023:19:26:37 -0400] "POST /jeffajax.php HTTP/2.0" 200 4117 "https://sb236.cryptoland.host/" "Mozilla/5.0 (Windows NT 10.0; Win64; x64) AppleWebKit/537.36 (KHTML, like Gecko) Chrome/113.0.0.0 Safari/537.36"
144.217.207.28 - - [07/Jun/2023:19:31:34 -0400] "GET / HTTP/2.0" 200 78789 "https://sb236.cryptoland.host/" "Mozilla/5.0 (Windows NT 10.0; Win64; x64) AppleWebKit/537.36 (KHTML, like Gecko) Chrome/113.0.0.0 Safari/537.36"
144.217.207.28 - - [07/Jun/2023:19:31:38 -0400] "POST /jeffajax.php HTTP/2.0" 200 4117 "https://sb236.cryptoland.host/" "Mozilla/5.0 (Windows NT 10.0; Win64; x64) AppleWebKit/537.36 (KHTML, like Gecko) Chrome/113.0.0.0 Safari/537.36"
144.217.207.28 - - [07/Jun/2023:19:36:34 -0400] "GET / HTTP/2.0" 200 78789 "https://sb236.cryptoland.host/" "Mozilla/5.0 (Windows NT 10.0; Win64; x64) AppleWebKit/537.36 (KHTML, like Gecko) Chrome/113.0.0.0 Safari/537.36"
144.217.207.28 - - [07/Jun/2023:19:36:37 -0400] "POST /jeffajax.php HTTP/2.0" 200 4117 "https://sb236.cryptoland.host/" "Mozilla/5.0 (Windows NT 10.0; Win64; x64) AppleWebKit/537.36 (KHTML, like Gecko) Chrome/113.0.0.0 Safari/537.36"
83.97.73.89 - - [07/Jun/2023:19:39:23 -0400] "GET /actuator/gateway/routes HTTP/1.1" 404 196 "-" "Mozilla/5.0 (Windows NT 10.0; Win64; x64) AppleWebKit/537.36 (KHTML, like Gecko) Chrome/78.0.3904.108 Safari/537.36"
144.217.207.28 - - [07/Jun/2023:19:42:34 -0400] "GET / HTTP/2.0" 200 78789 "https://sb236.cryptoland.host/" "Mozilla/5.0 (Windows NT 10.0; Win64; x64) AppleWebKit/537.36 (KHTML, like Gecko) Chrome/113.0.0.0 Safari/537.36"
144.217.207.28 - - [07/Jun/2023:19:42:37 -0400] "POST /jeffajax.php HTTP/2.0" 200 4117 "https://sb236.cryptoland.host/" "Mozilla/5.0 (Windows NT 10.0; Win64; x64) AppleWebKit/537.36 (KHTML, like Gecko) Chrome/113.0.0.0 Safari/537.36"
83.97.73.89 - - [07/Jun/2023:19:43:56 -0400] "GET /geoserver HTTP/1.1" 404 196 "-" "Mozilla/5.0 (Windows NT 10.0; Win64; x64) AppleWebKit/537.36 (KHTML, like Gecko) Chrome/78.0.3904.108 Safari/537.36"
144.217.207.28 - - [07/Jun/2023:19:46:34 -0400] "GET / HTTP/2.0" 200 78789 "https://sb236.cryptoland.host/" "Mozilla/5.0 (Windows NT 10.0; Win64; x64) AppleWebKit/537.36 (KHTML, like Gecko) Chrome/113.0.0.0 Safari/537.36"
144.217.207.28 - - [07/Jun/2023:19:46:38 -0400] "POST /jeffajax.php HTTP/2.0" 200 4117 "https://sb236.cryptoland.host/" "Mozilla/5.0 (Windows NT 10.0; Win64; x64) AppleWebKit/537.36 (KHTML, like Gecko) Chrome/113.0.0.0 Safari/537.36"
141.98.6.137 - - [07/Jun/2023:19:47:42 -0400] "GET / HTTP/1.1" 200 15508 "-" "Linux Gnu (cow)"
144.217.207.28 - - [07/Jun/2023:19:52:34 -0400] "GET / HTTP/2.0" 200 78789 "https://sb236.cryptoland.host/" "Mozilla/5.0 (Windows NT 10.0; Win64; x64) AppleWebKit/537.36 (KHTML, like Gecko) Chrome/113.0.0.0 Safari/537.36"
144.217.207.28 - - [07/Jun/2023:19:52:38 -0400] "POST /jeffajax.php HTTP/2.0" 200 4117 "https://sb236.cryptoland.host/" "Mozilla/5.0 (Windows NT 10.0; Win64; x64) AppleWebKit/537.36 (KHTML, like Gecko) Chrome/113.0.0.0 Safari/537.36"
144.217.207.28 - - [07/Jun/2023:19:56:34 -0400] "GET / HTTP/2.0" 200 78789 "https://sb236.cryptoland.host/" "Mozilla/5.0 (Windows NT 10.0; Win64; x64) AppleWebKit/537.36 (KHTML, like Gecko) Chrome/113.0.0.0 Safari/537.36"
144.217.207.28 - - [07/Jun/2023:19:56:36 -0400] "GET /assets/css/style.css HTTP/2.0" 304 - "https://sb236.cryptoland.host/" "Mozilla/5.0 (Windows NT 10.0; Win64; x64) AppleWebKit/537.36 (KHTML, like Gecko) Chrome/113.0.0.0 Safari/537.36"
144.217.207.28 - - [07/Jun/2023:19:56:39 -0400] "POST /jeffajax.php HTTP/2.0" 200 4117 "https://sb236.cryptoland.host/" "Mozilla/5.0 (Windows NT 10.0; Win64; x64) AppleWebKit/537.36 (KHTML, like Gecko) Chrome/113.0.0.0 Safari/537.36"
45.155.204.17 - - [07/Jun/2023:19:59:05 -0400] "POST /boaform/admin/formLogin HTTP/1.1" 404 196 "http://23.92.219.236:80/admin/login.asp" "Mozilla/5.0 (X11; Ubuntu; Linux x86_64; rv:71.0) Gecko/20100101 Firefox/71.0"
144.217.207.28 - - [07/Jun/2023:20:01:34 -0400] "GET / HTTP/2.0" 200 78789 "https://sb236.cryptoland.host/" "Mozilla/5.0 (Windows NT 10.0; Win64; x64) AppleWebKit/537.36 (KHTML, like Gecko) Chrome/113.0.0.0 Safari/537.36"
144.217.207.28 - - [07/Jun/2023:20:01:38 -0400] "GET /jeffjs/functions.js HTTP/2.0" 304 - "https://sb236.cryptoland.host/" "Mozilla/5.0 (Windows NT 10.0; Win64; x64) AppleWebKit/537.36 (KHTML, like Gecko) Chrome/113.0.0.0 Safari/537.36"
144.217.207.28 - - [07/Jun/2023:20:01:38 -0400] "GET /jeffjs/action.js HTTP/2.0" 304 - "https://sb236.cryptoland.host/" "Mozilla/5.0 (Windows NT 10.0; Win64; x64) AppleWebKit/537.36 (KHTML, like Gecko) Chrome/113.0.0.0 Safari/537.36"
144.217.207.28 - - [07/Jun/2023:20:01:38 -0400] "POST /jeffajax.php HTTP/2.0" 200 4117 "https://sb236.cryptoland.host/" "Mozilla/5.0 (Windows NT 10.0; Win64; x64) AppleWebKit/537.36 (KHTML, like Gecko) Chrome/113.0.0.0 Safari/537.36"
144.217.207.28 - - [07/Jun/2023:20:06:34 -0400] "GET / HTTP/2.0" 200 78789 "https://sb236.cryptoland.host/" "Mozilla/5.0 (Windows NT 10.0; Win64; x64) AppleWebKit/537.36 (KHTML, like Gecko) Chrome/113.0.0.0 Safari/537.36"
144.217.207.28 - - [07/Jun/2023:20:06:37 -0400] "POST /jeffajax.php HTTP/2.0" 200 4117 "https://sb236.cryptoland.host/" "Mozilla/5.0 (Windows NT 10.0; Win64; x64) AppleWebKit/537.36 (KHTML, like Gecko) Chrome/113.0.0.0 Safari/537.36"
134.209.235.86 - - [07/Jun/2023:20:08:30 -0400] "GET / HTTP/1.1" 200 65434 "-" "Mozilla/5.0 (X11; Linux x86_64) AppleWebKit/537.36 (KHTML, like Gecko) Chrome/100.0.4896.127 Safari/537.36"
144.217.207.28 - - [07/Jun/2023:20:12:34 -0400] "GET / HTTP/2.0" 200 78789 "https://sb236.cryptoland.host/" "Mozilla/5.0 (Windows NT 10.0; Win64; x64) AppleWebKit/537.36 (KHTML, like Gecko) Chrome/113.0.0.0 Safari/537.36"
144.217.207.28 - - [07/Jun/2023:20:12:37 -0400] "POST /jeffajax.php HTTP/2.0" 200 4117 "https://sb236.cryptoland.host/" "Mozilla/5.0 (Windows NT 10.0; Win64; x64) AppleWebKit/537.36 (KHTML, like Gecko) Chrome/113.0.0.0 Safari/537.36"
144.217.207.28 - - [07/Jun/2023:20:16:34 -0400] "GET / HTTP/2.0" 200 78789 "https://sb236.cryptoland.host/" "Mozilla/5.0 (Windows NT 10.0; Win64; x64) AppleWebKit/537.36 (KHTML, like Gecko) Chrome/113.0.0.0 Safari/537.36"
144.217.207.28 - - [07/Jun/2023:20:16:38 -0400] "POST /jeffajax.php HTTP/2.0" 200 4117 "https://sb236.cryptoland.host/" "Mozilla/5.0 (Windows NT 10.0; Win64; x64) AppleWebKit/537.36 (KHTML, like Gecko) Chrome/113.0.0.0 Safari/537.36"
144.217.207.28 - - [07/Jun/2023:20:22:34 -0400] "GET / HTTP/2.0" 200 78789 "https://sb236.cryptoland.host/" "Mozilla/5.0 (Windows NT 10.0; Win64; x64) AppleWebKit/537.36 (KHTML, like Gecko) Chrome/113.0.0.0 Safari/537.36"
144.217.207.28 - - [07/Jun/2023:20:22:37 -0400] "POST /jeffajax.php HTTP/2.0" 200 4117 "https://sb236.cryptoland.host/" "Mozilla/5.0 (Windows NT 10.0; Win64; x64) AppleWebKit/537.36 (KHTML, like Gecko) Chrome/113.0.0.0 Safari/537.36"
144.217.207.28 - - [07/Jun/2023:20:26:34 -0400] "GET / HTTP/2.0" 200 78789 "https://sb236.cryptoland.host/" "Mozilla/5.0 (Windows NT 10.0; Win64; x64) AppleWebKit/537.36 (KHTML, like Gecko) Chrome/113.0.0.0 Safari/537.36"
144.217.207.28 - - [07/Jun/2023:20:26:37 -0400] "POST /jeffajax.php HTTP/2.0" 200 4117 "https://sb236.cryptoland.host/" "Mozilla/5.0 (Windows NT 10.0; Win64; x64) AppleWebKit/537.36 (KHTML, like Gecko) Chrome/113.0.0.0 Safari/537.36"
95.85.47.9 - - [07/Jun/2023:20:29:46 -0400] "GET / HTTP/1.0" 301 238 "-" "-"
144.217.207.28 - - [07/Jun/2023:20:31:34 -0400] "GET / HTTP/2.0" 200 78789 "https://sb236.cryptoland.host/" "Mozilla/5.0 (Windows NT 10.0; Win64; x64) AppleWebKit/537.36 (KHTML, like Gecko) Chrome/113.0.0.0 Safari/537.36"
144.217.207.28 - - [07/Jun/2023:20:31:37 -0400] "POST /jeffajax.php HTTP/2.0" 200 4117 "https://sb236.cryptoland.host/" "Mozilla/5.0 (Windows NT 10.0; Win64; x64) AppleWebKit/537.36 (KHTML, like Gecko) Chrome/113.0.0.0 Safari/537.36"
144.217.207.28 - - [07/Jun/2023:20:36:34 -0400] "GET / HTTP/2.0" 200 78789 "https://sb236.cryptoland.host/" "Mozilla/5.0 (Windows NT 10.0; Win64; x64) AppleWebKit/537.36 (KHTML, like Gecko) Chrome/113.0.0.0 Safari/537.36"
144.217.207.28 - - [07/Jun/2023:20:36:36 -0400] "POST /jeffajax.php HTTP/2.0" 200 4117 "https://sb236.cryptoland.host/" "Mozilla/5.0 (Windows NT 10.0; Win64; x64) AppleWebKit/537.36 (KHTML, like Gecko) Chrome/113.0.0.0 Safari/537.36"
144.217.207.28 - - [07/Jun/2023:20:41:34 -0400] "GET / HTTP/2.0" 200 78789 "https://sb236.cryptoland.host/" "Mozilla/5.0 (Windows NT 10.0; Win64; x64) AppleWebKit/537.36 (KHTML, like Gecko) Chrome/113.0.0.0 Safari/537.36"
144.217.207.28 - - [07/Jun/2023:20:41:37 -0400] "POST /jeffajax.php HTTP/2.0" 200 4117 "https://sb236.cryptoland.host/" "Mozilla/5.0 (Windows NT 10.0; Win64; x64) AppleWebKit/537.36 (KHTML, like Gecko) Chrome/113.0.0.0 Safari/537.36"
144.217.207.28 - - [07/Jun/2023:20:46:34 -0400] "GET / HTTP/2.0" 200 78789 "https://sb236.cryptoland.host/" "Mozilla/5.0 (Windows NT 10.0; Win64; x64) AppleWebKit/537.36 (KHTML, like Gecko) Chrome/113.0.0.0 Safari/537.36"
144.217.207.28 - - [07/Jun/2023:20:46:36 -0400] "GET /jeffjs/filter.js HTTP/2.0" 304 - "https://sb236.cryptoland.host/" "Mozilla/5.0 (Windows NT 10.0; Win64; x64) AppleWebKit/537.36 (KHTML, like Gecko) Chrome/113.0.0.0 Safari/537.36"
144.217.207.28 - - [07/Jun/2023:20:46:37 -0400] "POST /jeffajax.php HTTP/2.0" 200 4117 "https://sb236.cryptoland.host/" "Mozilla/5.0 (Windows NT 10.0; Win64; x64) AppleWebKit/537.36 (KHTML, like Gecko) Chrome/113.0.0.0 Safari/537.36"
109.205.213.30 - - [07/Jun/2023:20:46:43 -0400] "GET / HTTP/1.1" 200 65434 "-" "-"
144.217.207.28 - - [07/Jun/2023:20:51:34 -0400] "GET / HTTP/2.0" 200 78789 "https://sb236.cryptoland.host/" "Mozilla/5.0 (Windows NT 10.0; Win64; x64) AppleWebKit/537.36 (KHTML, like Gecko) Chrome/113.0.0.0 Safari/537.36"
144.217.207.28 - - [07/Jun/2023:20:51:38 -0400] "POST /jeffajax.php HTTP/2.0" 200 4117 "https://sb236.cryptoland.host/" "Mozilla/5.0 (Windows NT 10.0; Win64; x64) AppleWebKit/537.36 (KHTML, like Gecko) Chrome/113.0.0.0 Safari/537.36"
144.217.207.28 - - [07/Jun/2023:20:56:34 -0400] "GET / HTTP/2.0" 200 78789 "https://sb236.cryptoland.host/" "Mozilla/5.0 (Windows NT 10.0; Win64; x64) AppleWebKit/537.36 (KHTML, like Gecko) Chrome/113.0.0.0 Safari/537.36"
144.217.207.28 - - [07/Jun/2023:20:56:37 -0400] "POST /jeffajax.php HTTP/2.0" 200 4117 "https://sb236.cryptoland.host/" "Mozilla/5.0 (Windows NT 10.0; Win64; x64) AppleWebKit/537.36 (KHTML, like Gecko) Chrome/113.0.0.0 Safari/537.36"
188.43.136.46 - - [07/Jun/2023:20:58:59 -0400] "GET /?DEFAULT_PAGE_TYPE=claim HTTP/2.0" 200 78789 "-" "Mozilla/5.0 (Windows NT 10.0; Win64; x64) AppleWebKit/537.36 (KHTML, like Gecko) Chrome/114.0.0.0 Safari/537.36"
188.43.136.46 - - [07/Jun/2023:20:59:01 -0400] "GET /assets/css/style.css HTTP/2.0" 304 - "https://sb236.cryptoland.host/?DEFAULT_PAGE_TYPE=claim" "Mozilla/5.0 (Windows NT 10.0; Win64; x64) AppleWebKit/537.36 (KHTML, like Gecko) Chrome/114.0.0.0 Safari/537.36"
188.43.136.46 - - [07/Jun/2023:20:59:02 -0400] "GET /assets/css/plugins/bootstrap.min.css.map HTTP/2.0" 404 196 "-" "Mozilla/5.0 (Windows NT 10.0; Win64; x64) AppleWebKit/537.36 (KHTML, like Gecko) Chrome/114.0.0.0 Safari/537.36"
188.43.136.46 - - [07/Jun/2023:20:59:03 -0400] "GET /jeffjs/filter.js HTTP/2.0" 304 - "https://sb236.cryptoland.host/?DEFAULT_PAGE_TYPE=claim" "Mozilla/5.0 (Windows NT 10.0; Win64; x64) AppleWebKit/537.36 (KHTML, like Gecko) Chrome/114.0.0.0 Safari/537.36"
188.43.136.46 - - [07/Jun/2023:20:59:04 -0400] "GET /env.js HTTP/2.0" 304 - "https://sb236.cryptoland.host/?DEFAULT_PAGE_TYPE=claim" "Mozilla/5.0 (Windows NT 10.0; Win64; x64) AppleWebKit/537.36 (KHTML, like Gecko) Chrome/114.0.0.0 Safari/537.36"
188.43.136.46 - - [07/Jun/2023:20:59:05 -0400] "POST /jeffajax.php HTTP/2.0" 200 4117 "https://sb236.cryptoland.host/?DEFAULT_PAGE_TYPE=claim" "Mozilla/5.0 (Windows NT 10.0; Win64; x64) AppleWebKit/537.36 (KHTML, like Gecko) Chrome/114.0.0.0 Safari/537.36"
188.43.136.46 - - [07/Jun/2023:20:59:06 -0400] "POST /jeffajax.php HTTP/2.0" 200 10 "https://sb236.cryptoland.host/?DEFAULT_PAGE_TYPE=claim" "Mozilla/5.0 (Windows NT 10.0; Win64; x64) AppleWebKit/537.36 (KHTML, like Gecko) Chrome/114.0.0.0 Safari/537.36"
188.43.136.46 - - [07/Jun/2023:20:59:06 -0400] "POST /jeffajax.php HTTP/2.0" 200 10 "https://sb236.cryptoland.host/?DEFAULT_PAGE_TYPE=claim" "Mozilla/5.0 (Windows NT 10.0; Win64; x64) AppleWebKit/537.36 (KHTML, like Gecko) Chrome/114.0.0.0 Safari/537.36"
188.43.136.46 - - [07/Jun/2023:20:59:12 -0400] "GET /?DEFAULT_PAGE_TYPE=claim HTTP/2.0" 200 65434 "-" "Mozilla/5.0 (Windows NT 10.0; Win64; x64) AppleWebKit/537.36 (KHTML, like Gecko) Chrome/114.0.0.0 Safari/537.36"
188.43.136.46 - - [07/Jun/2023:20:59:14 -0400] "GET /assets/css/plugins/fontawesome.min.css HTTP/2.0" 200 76487 "https://sb236.cryptoland.host/?DEFAULT_PAGE_TYPE=claim" "Mozilla/5.0 (Windows NT 10.0; Win64; x64) AppleWebKit/537.36 (KHTML, like Gecko) Chrome/114.0.0.0 Safari/537.36"
188.43.136.46 - - [07/Jun/2023:20:59:14 -0400] "GET /assets/css/plugins/bootstrap.min.css HTTP/2.0" 200 155637 "https://sb236.cryptoland.host/?DEFAULT_PAGE_TYPE=claim" "Mozilla/5.0 (Windows NT 10.0; Win64; x64) AppleWebKit/537.36 (KHTML, like Gecko) Chrome/114.0.0.0 Safari/537.36"
188.43.136.46 - - [07/Jun/2023:20:59:14 -0400] "GET /assets/css/plugins/slick.css HTTP/2.0" 200 1773 "https://sb236.cryptoland.host/?DEFAULT_PAGE_TYPE=claim" "Mozilla/5.0 (Windows NT 10.0; Win64; x64) AppleWebKit/537.36 (KHTML, like Gecko) Chrome/114.0.0.0 Safari/537.36"
188.43.136.46 - - [07/Jun/2023:20:59:16 -0400] "GET /assets/css/style.css HTTP/2.0" 200 155824 "https://sb236.cryptoland.host/?DEFAULT_PAGE_TYPE=claim" "Mozilla/5.0 (Windows NT 10.0; Win64; x64) AppleWebKit/537.36 (KHTML, like Gecko) Chrome/114.0.0.0 Safari/537.36"
188.43.136.46 - - [07/Jun/2023:20:59:17 -0400] "GET /assets/css/plugins/bootstrap.min.css.map HTTP/2.0" 404 196 "-" "Mozilla/5.0 (Windows NT 10.0; Win64; x64) AppleWebKit/537.36 (KHTML, like Gecko) Chrome/114.0.0.0 Safari/537.36"
188.43.136.46 - - [07/Jun/2023:20:59:17 -0400] "GET /assets/fonts/fa-brands-400.woff2 HTTP/2.0" 200 78460 "https://sb236.cryptoland.host/assets/css/plugins/fontawesome.min.css" "Mozilla/5.0 (Windows NT 10.0; Win64; x64) AppleWebKit/537.36 (KHTML, like Gecko) Chrome/114.0.0.0 Safari/537.36"
188.43.136.46 - - [07/Jun/2023:20:59:22 -0400] "GET /assets/js/plugins/jquery-3.6.0.min.js HTTP/2.0" 200 89501 "https://sb236.cryptoland.host/?DEFAULT_PAGE_TYPE=claim" "Mozilla/5.0 (Windows NT 10.0; Win64; x64) AppleWebKit/537.36 (KHTML, like Gecko) Chrome/114.0.0.0 Safari/537.36"
188.43.136.46 - - [07/Jun/2023:20:59:23 -0400] "GET /assets/js/plugins/isotope.pkg.min.js HTTP/2.0" 200 35456 "https://sb236.cryptoland.host/?DEFAULT_PAGE_TYPE=claim" "Mozilla/5.0 (Windows NT 10.0; Win64; x64) AppleWebKit/537.36 (KHTML, like Gecko) Chrome/114.0.0.0 Safari/537.36"
188.43.136.46 - - [07/Jun/2023:20:59:24 -0400] "GET /assets/js/plugins/jquery.slick.min.js HTTP/2.0" 200 42664 "https://sb236.cryptoland.host/?DEFAULT_PAGE_TYPE=claim" "Mozilla/5.0 (Windows NT 10.0; Win64; x64) AppleWebKit/537.36 (KHTML, like Gecko) Chrome/114.0.0.0 Safari/537.36"
188.43.136.46 - - [07/Jun/2023:20:59:24 -0400] "GET /assets/js/main.js HTTP/2.0" 200 16826 "https://sb236.cryptoland.host/?DEFAULT_PAGE_TYPE=claim" "Mozilla/5.0 (Windows NT 10.0; Win64; x64) AppleWebKit/537.36 (KHTML, like Gecko) Chrome/114.0.0.0 Safari/537.36"
188.43.136.46 - - [07/Jun/2023:20:59:25 -0400] "GET /assets/css/style.css.map HTTP/2.0" 200 127507 "-" "Mozilla/5.0 (Windows NT 10.0; Win64; x64) AppleWebKit/537.36 (KHTML, like Gecko) Chrome/114.0.0.0 Safari/537.36"
